Component: ARM Compiler 5.06 update 7 (build 960) Tool: armlink [4d3601]

==============================================================================

Section Cross References

    main.o(i.com4_function) refers to printfa.o(i.__0sprintf) for __2sprintf
    main.o(i.com4_function) refers to strcat.o(.text) for strcat
    main.o(i.com4_function) refers to usart_fifo.o(i.comGetChar) for comGetChar
    main.o(i.com4_function) refers to strstr.o(.text) for strstr
    main.o(i.com4_function) refers to huawei.o(i.fand_content) for fand_content
    main.o(i.com4_function) refers to atof.o(i.__hardfp_atof) for __hardfp_atof
    main.o(i.com4_function) refers to printfa.o(i.__0printf) for __2printf
    main.o(i.com4_function) refers to memseta.o(.text) for __aeabi_memclr
    main.o(i.com4_function) refers to main.o(.data) for ucData
    main.o(i.com4_function) refers to huawei.o(.bss) for RXbuff
    main.o(i.main) refers to system.o(i.CPU_CACHE_Enable) for CPU_CACHE_Enable
    main.o(i.main) refers to stm32h7xx_hal.o(i.HAL_Init) for HAL_Init
    main.o(i.main) refers to system.o(i.MPU_Memory_Protection) for MPU_Memory_Protection
    main.o(i.main) refers to system.o(i.SystemClock_Config) for SystemClock_Config
    main.o(i.main) refers to delay.o(i.SysTick_clkconfig) for SysTick_clkconfig
    main.o(i.main) refers to timer.o(i.TIM2_Init) for TIM2_Init
    main.o(i.main) refers to hc_sr04.o(i.gpio_init) for gpio_init
    main.o(i.main) refers to wifi.o(i.WIFI_GPIO_Init) for WIFI_GPIO_Init
    main.o(i.main) refers to usart_fifo.o(i.uart_init) for uart_init
    main.o(i.main) refers to delay.o(i.delay_ms) for delay_ms
    main.o(i.main) refers to printfa.o(i.__0printf) for __2printf
    main.o(i.main) refers to wifi.o(i.ESP8266_PowerOn) for ESP8266_PowerOn
    main.o(i.main) refers to wifi.o(i.ESP8266_AT) for ESP8266_AT
    main.o(i.main) refers to wifi.o(i.ESP8266_EchoOff) for ESP8266_EchoOff
    main.o(i.main) refers to wifi.o(i.ESP8266_AT_RST) for ESP8266_AT_RST
    main.o(i.main) refers to huawei.o(i.huawei_init) for huawei_init
    main.o(i.main) refers to usart_fifo.o(i.comSendBuf) for comSendBuf
    main.o(i.main) refers to huawei.o(i.huawei_UpNav_flag) for huawei_UpNav_flag
    main.o(i.main) refers to huawei.o(i.huawei_Up_next_position) for huawei_Up_next_position
    main.o(i.main) refers to printfa.o(i.__0sprintf) for __2sprintf
    main.o(i.main) refers to strcat.o(.text) for strcat
    main.o(i.main) refers to usart_fifo.o(i.comGetChar) for comGetChar
    main.o(i.main) refers to strstr.o(.text) for strstr
    main.o(i.main) refers to huawei.o(i.fand_content) for fand_content
    main.o(i.main) refers to atof.o(i.__hardfp_atof) for __hardfp_atof
    main.o(i.main) refers to memseta.o(.text) for __aeabi_memclr4
    main.o(i.main) refers to huawei.o(i.huawei_repose) for huawei_repose
    main.o(i.main) refers to huawei.o(i.uint8_to_hex) for uint8_to_hex
    main.o(i.main) refers to main.o(i.com4_function) for com4_function
    main.o(i.main) refers to huawei.o(i.huawei_UpPosition) for huawei_UpPosition
    main.o(i.main) refers to huawei.o(i.huawei_UpDestination) for huawei_UpDestination
    main.o(i.main) refers to tpaway.o(i.haversine) for haversine
    main.o(i.main) refers to main.o(.data) for wifi_flag
    main.o(i.main) refers to huawei.o(.bss) for RXbuff
    main.o(i.main) refers to main.o(.bss) for next_position
    main.o(i.main) refers to hc_sr04.o(i.hc_sr04_function) for hc_sr04_function
    stm32h7xx_it.o(i.SysTick_Handler) refers to stm32h7xx_hal.o(i.HAL_IncTick) for HAL_IncTick
    system_stm32h7xx.o(i.SystemCoreClockUpdate) refers to system_stm32h7xx.o(.data) for SystemCoreClock
    system_stm32h7xx.o(i.SystemCoreClockUpdate) refers to system_stm32h7xx.o(.constdata) for D1CorePrescTable
    led.o(i.BSP_LED_Init) refers to stm32h7xx_hal_gpio.o(i.HAL_GPIO_Init) for HAL_GPIO_Init
    led.o(i.BSP_LED_Init) refers to stm32h7xx_hal_gpio.o(i.HAL_GPIO_WritePin) for HAL_GPIO_WritePin
    led.o(i.BSP_LED_Init) refers to led.o(.constdata) for GPIO_PIN
    led.o(i.BSP_LED_Init) refers to led.o(.data) for GPIO_PORT
    led.o(i.LED_Init) refers to led.o(i.BSP_LED_Init) for BSP_LED_Init
    delay.o(i.SysTick_clkconfig) refers to stm32h7xx_hal_cortex.o(i.HAL_SYSTICK_CLKSourceConfig) for HAL_SYSTICK_CLKSourceConfig
    delay.o(i.SysTick_clkconfig) refers to delay.o(.data) for fac_us
    delay.o(i.delay_ms) refers to delay.o(i.delay_us) for delay_us
    delay.o(i.delay_us) refers to delay.o(.data) for fac_us
    key.o(i.BSP_KEY_Init) refers to stm32h7xx_hal_gpio.o(i.HAL_GPIO_Init) for HAL_GPIO_Init
    key.o(i.BSP_KEY_Init) refers to key.o(.constdata) for BUTTON_PIN
    key.o(i.BSP_KEY_Init) refers to key.o(.data) for BUTTON_PORT
    key.o(i.KEY_Init) refers to key.o(i.BSP_KEY_Init) for BSP_KEY_Init
    key.o(i.KEY_Scan) refers to stm32h7xx_hal_gpio.o(i.HAL_GPIO_ReadPin) for HAL_GPIO_ReadPin
    key.o(i.KEY_Scan) refers to delay.o(i.delay_ms) for delay_ms
[...]
    i.HAL_TIM_Base_Init                      0x08002694   Section        0  stm32h7xx_hal_tim.o(i.HAL_TIM_Base_Init)
    i.HAL_TIM_Base_MspInit                   0x080026c8   Section        0  timer.o(i.HAL_TIM_Base_MspInit)
    i.HAL_TIM_Base_Start_IT                  0x08002708   Section        0  stm32h7xx_hal_tim.o(i.HAL_TIM_Base_Start_IT)
    i.HAL_TIM_Base_Stop_IT                   0x08002726   Section        0  stm32h7xx_hal_tim.o(i.HAL_TIM_Base_Stop_IT)
    i.HAL_TIM_IC_CaptureCallback             0x0800275e   Section        0  stm32h7xx_hal_tim.o(i.HAL_TIM_IC_CaptureCallback)
    i.HAL_TIM_IRQHandler                     0x08002760   Section        0  stm32h7xx_hal_tim.o(i.HAL_TIM_IRQHandler)
    i.HAL_TIM_OC_DelayElapsedCallback        0x08002918   Section        0  stm32h7xx_hal_tim.o(i.HAL_TIM_OC_DelayElapsedCallback)
    i.HAL_TIM_PWM_PulseFinishedCallback      0x0800291a   Section        0  stm32h7xx_hal_tim.o(i.HAL_TIM_PWM_PulseFinishedCallback)
    i.HAL_TIM_PeriodElapsedCallback          0x0800291c   Section        0  timer.o(i.HAL_TIM_PeriodElapsedCallback)
    i.HAL_TIM_TriggerCallback                0x08002938   Section        0  stm32h7xx_hal_tim.o(i.HAL_TIM_TriggerCallback)
    i.HAL_UART_Init                          0x0800293a   Section        0  stm32h7xx_hal_uart.o(i.HAL_UART_Init)
    i.HAL_UART_MspInit                       0x080029b4   Section        0  usart_fifo.o(i.HAL_UART_MspInit)
    i.HardFault_Handler                      0x08002c94   Section        0  stm32h7xx_it.o(i.HardFault_Handler)
    i.MPU_Memory_Protection                  0x08002c98   Section        0  system.o(i.MPU_Memory_Protection)
    i.MPU_Set_Protection                     0x08002cca   Section        0  system.o(i.MPU_Set_Protection)
    i.MemManage_Handler                      0x08002d24   Section        0  stm32h7xx_it.o(i.MemManage_Handler)
    i.NMI_Handler                            0x08002d28   Section        0  stm32h7xx_it.o(i.NMI_Handler)
    i.PendSV_Handler                         0x08002d2a   Section        0  stm32h7xx_it.o(i.PendSV_Handler)
    i.SCB_EnableDCache                       0x08002d2c   Section        0  system.o(i.SCB_EnableDCache)
    SCB_EnableDCache                         0x08002d2d   Thumb Code   148  system.o(i.SCB_EnableDCache)
    i.SCB_EnableICache                       0x08002dc8   Section        0  system.o(i.SCB_EnableICache)
    SCB_EnableICache                         0x08002dc9   Thumb Code   116  system.o(i.SCB_EnableICache)
    i.SVC_Handler                            0x08002e44   Section        0  stm32h7xx_it.o(i.SVC_Handler)
    i.SetUartParam                           0x08002e48   Section        0  usart_fifo.o(i.SetUartParam)
    i.SysTick_Handler                        0x08002ef0   Section        0  stm32h7xx_it.o(i.SysTick_Handler)
    i.SysTick_clkconfig                      0x08002ef8   Section        0  delay.o(i.SysTick_clkconfig)
    i.SystemClock_Config                     0x08002f0c   Section        0  system.o(i.SystemClock_Config)
    i.SystemInit                             0x08002fd0   Section        0  system_stm32h7xx.o(i.SystemInit)
    i.TIM2_IRQHandler                        0x08003064   Section        0  timer.o(i.TIM2_IRQHandler)
    i.TIM2_Init                              0x08003074   Section        0  timer.o(i.TIM2_Init)
    i.TIM_Base_SetConfig                     0x08003098   Section        0  stm32h7xx_hal_tim.o(i.TIM_Base_SetConfig)
    i.UART4_IRQHandler                       0x08003164   Section        0  usart_fifo.o(i.UART4_IRQHandler)
    i.UART5_IRQHandler                       0x08003174   Section        0  usart_fifo.o(i.UART5_IRQHandler)
    i.UART_AdvFeatureConfig                  0x08003184   Section        0  stm32h7xx_hal_uart.o(i.UART_AdvFeatureConfig)
    i.UART_CheckIdleState                    0x0800326e   Section        0  stm32h7xx_hal_uart.o(i.UART_CheckIdleState)
    i.UART_SetConfig                         0x080032e4   Section        0  stm32h7xx_hal_uart.o(i.UART_SetConfig)
    i.UART_WaitOnFlagUntilTimeout            0x08003c88   Section        0  stm32h7xx_hal_uart.o(i.UART_WaitOnFlagUntilTimeout)
    i.USART1_IRQHandler                      0x08003cf4   Section        0  usart_fifo.o(i.USART1_IRQHandler)
    i.USART3_IRQHandler                      0x08003d04   Section        0  usart_fifo.o(i.USART3_IRQHandler)
    i.UartGetChar                            0x08003d14   Section        0  usart_fifo.o(i.UartGetChar)
    UartGetChar                              0x08003d15   Thumb Code    74  usart_fifo.o(i.UartGetChar)
    i.UartIRQ                                0x08003d5e   Section        0  usart_fifo.o(i.UartIRQ)
    UartIRQ                                  0x08003d5f   Thumb Code   346  usart_fifo.o(i.UartIRQ)
    i.UartSend                               0x08003eb8   Section        0  usart_fifo.o(i.UartSend)
    UartSend                                 0x08003eb9   Thumb Code   146  usart_fifo.o(i.UartSend)
    i.UsageFault_Handler                     0x08003f4a   Section        0  stm32h7xx_it.o(i.UsageFault_Handler)
    i.WIFI_GPIO_Init                         0x08003f50   Section        0  wifi.o(i.WIFI_GPIO_Init)
    i.__0printf                              0x08003fac   Section        0  printfa.o(i.__0printf)
    i.__0sprintf                             0x08003fcc   Section        0  printfa.o(i.__0sprintf)
    i.__ARM_fpclassify                       0x08003ff4   Section        0  fpclassify.o(i.__ARM_fpclassify)
    i.__NVIC_GetPriorityGrouping             0x08004024   Section        0  stm32h7xx_hal_cortex.o(i.__NVIC_GetPriorityGrouping)
    __NVIC_GetPriorityGrouping               0x08004025   Thumb Code    10  stm32h7xx_hal_cortex.o(i.__NVIC_GetPriorityGrouping)
    i.__NVIC_SetPriority                     0x08004034   Section        0  stm32h7xx_hal_cortex.o(i.__NVIC_SetPriority)
    __NVIC_SetPriority                       0x08004035   Thumb Code    32  stm32h7xx_hal_cortex.o(i.__NVIC_SetPriority)
    i.__hardfp_atan                          0x08004060   Section        0  atan.o(i.__hardfp_atan)
    i.__hardfp_atan2                         0x08004260   Section        0  atan2.o(i.__hardfp_atan2)
    i.__hardfp_atof                          0x08004428   Section        0  atof.o(i.__hardfp_atof)
    i.__hardfp_cos                           0x08004460   Section        0  cos.o(i.__hardfp_cos)
    i.__hardfp_sin                           0x08004510   Section        0  sin.o(i.__hardfp_sin)
    i.__hardfp_sqrt                          0x080045c0   Section        0  sqrt.o(i.__hardfp_sqrt)
    i.__ieee754_rem_pio2                     0x08004628   Section        0  rred.o(i.__ieee754_rem_pio2)
    i.__kernel_cos                           0x08004938   Section        0  cos_i.o(i.__kernel_cos)
    i.__kernel_poly                          0x08004a18   Section        0  poly.o(i.__kernel_poly)
    i.__kernel_sin                           0x08004a88   Section        0  sin_i.o(i.__kernel_sin)
    i.__mathlib_dbl_infnan                   0x08004b30   Section        0  dunder.o(i.__mathlib_dbl_infnan)
    i.__mathlib_dbl_infnan2                  0x08004b36   Section        0  dunder.o(i.__mathlib_dbl_infnan2)
    i.__mathlib_dbl_invalid                  0x08004b40   Section        0  dunder.o(i.__mathlib_dbl_invalid)
    i.__mathlib_dbl_underflow                0x08004b58   Section        0  dunder.o(i.__mathlib_dbl_underflow)
    i.__read_errno                           0x08004b70   Section        0  errno.o(i.__read_errno)
    i.__scatterload_copy                     0x08004b7c   Section       14  handlers.o(i.__scatterload_copy)
    i.__scatterload_null                     0x08004b8a   Section        2  handlers.o(i.__scatterload_null)
    i.__scatterload_zeroinit                 0x08004b8c   Section       14  handlers.o(i.__scatterload_zeroinit)
    i.__set_PRIMASK                          0x08004b9a   Section        0  usart_fifo.o(i.__set_PRIMASK)
    __set_PRIMASK                            0x08004b9b   Thumb Code     6  usart_fifo.o(i.__set_PRIMASK)
    i.__set_errno                            0x08004ba0   Section        0  errno.o(i.__set_errno)
    i._fp_digits                             0x08004bac   Section        0  printfa.o(i._fp_digits)
    _fp_digits                               0x08004bad   Thumb Code   366  printfa.o(i._fp_digits)
    i._is_digit                              0x08004d30   Section        0  scanf_fp.o(i._is_digit)
    i._printf_core                           0x08004d40   Section        0  printfa.o(i._printf_core)
    _printf_core                             0x08004d41   Thumb Code  1704  printfa.o(i._printf_core)
    i._printf_post_padding                   0x080053f4   Section        0  printfa.o(i._printf_post_padding)
    _printf_post_padding                     0x080053f5   Thumb Code    36  printfa.o(i._printf_post_padding)
    i._printf_pre_padding                    0x08005418   Section        0  printfa.o(i._printf_pre_padding)
    _printf_pre_padding                      0x08005419   Thumb Code    46  printfa.o(i._printf_pre_padding)
    i._sputc                                 0x08005446   Section        0  printfa.o(i._sputc)
    _sputc                                   0x08005447   Thumb Code    10  printfa.o(i._sputc)
    i.atan                                   0x08005450   Section        0  atan.o(i.atan)
    i.com4_function                          0x08005460   Section        0  main.o(i.com4_function)
    i.comGetChar                             0x0800561c   Section        0  usart_fifo.o(i.comGetChar)
    i.comSendBuf                             0x0800563a   Section        0  usart_fifo.o(i.comSendBuf)
    i.comSendChar                            0x08005660   Section        0  usart_fifo.o(i.comSendChar)
    i.deg2rad                                0x08005670   Section        0  tpaway.o(i.deg2rad)
    i.delay_ms                               0x08005698   Section        0  delay.o(i.delay_ms)
    i.delay_us                               0x080056b0   Section        0  delay.o(i.delay_us)
    i.fabs                                   0x080056f8   Section        0  fabs.o(i.fabs)
    i.fand_content                           0x08005710   Section        0  huawei.o(i.fand_content)
    i.fputc                                  0x08005780   Section        0  usart_fifo.o(i.fputc)
    i.gpio_init                              0x08005798   Section        0  hc_sr04.o(i.gpio_init)
    i.haversine                              0x080057f4   Section        0  tpaway.o(i.haversine)
    i.hc_sr04                                0x0800591c   Section        0  hc_sr04.o(i.hc_sr04)
    i.hc_sr04_function                       0x08005a84   Section        0  hc_sr04.o(i.hc_sr04_function)
    i.huawei_CWMODE                          0x08005b14   Section        0  huawei.o(i.huawei_CWMODE)
    i.huawei_UpDestination                   0x08005b68   Section        0  huawei.o(i.huawei_UpDestination)
    i.huawei_UpNav_flag                      0x08005c08   Section        0  huawei.o(i.huawei_UpNav_flag)
    i.huawei_UpPosition                      0x08005ca4   Section        0  huawei.o(i.huawei_UpPosition)
    i.huawei_Up_next_position                0x08005d44   Section        0  huawei.o(i.huawei_Up_next_position)
    i.huawei_address                         0x08005de0   Section        0  huawei.o(i.huawei_address)
    i.huawei_clientid                        0x08005e5c   Section        0  huawei.o(i.huawei_clientid)
    i.huawei_init                            0x08005f10   Section        0  huawei.o(i.huawei_init)
    i.huawei_login                           0x08005f40   Section        0  huawei.o(i.huawei_login)
    i.huawei_repose                          0x0800600c   Section        0  huawei.o(i.huawei_repose)
    i.huawei_token                           0x08006098   Section        0  huawei.o(i.huawei_token)
    i.main                                   0x0800618c   Section        0  main.o(i.main)
    i.uart_init                              0x0800695c   Section        0  usart_fifo.o(i.uart_init)
    i.uint8_to_hex                           0x08006a70   Section        0  huawei.o(i.uint8_to_hex)
    .constdata                               0x08006aa0   Section       64  system_stm32h7xx.o(.constdata)
    UARTPrescTable                           0x08006aa0   Data          24  system_stm32h7xx.o(.constdata)
    USARTPrescTable                          0x08006ab8   Data          24  system_stm32h7xx.o(.constdata)
    .constdata                               0x08006ae0   Section       48  stm32h7xx_hal_uart.o(.constdata)
    UARTPrescTable                           0x08006ae0   Data          24  stm32h7xx_hal_uart.o(.constdata)
    USARTPrescTable                          0x08006af8   Data          24  stm32h7xx_hal_uart.o(.constdata)
    .constdata                               0x08006b10   Section      152  atan.o(.constdata)
    atanhi                                   0x08006b10   Data          32  atan.o(.constdata)
    atanlo                                   0x08006b30   Data          32  atan.o(.constdata)
    aTodd                                    0x08006b50   Data          40  atan.o(.constdata)
    aTeven                                   0x08006b78   Data          48  atan.o(.constdata)
    .constdata                               0x08006ba8   Section       48  cos_i.o(.constdata)
    C                                        0x08006ba8   Data          48  cos_i.o(.constdata)
    .constdata                               0x08006bd8   Section        8  qnan.o(.constdata)
    .constdata                               0x08006be0   Section      200  rred.o(.constdata)
    pio2s                                    0x08006be0   Data          48  rred.o(.constdata)
    twooverpi                                0x08006c10   Data         152  rred.o(.constdata)
    .constdata                               0x08006ca8   Section       40  sin_i.o(.constdata)
    S                                        0x08006ca8   Data          40  sin_i.o(.constdata)
    .constdata                               0x08006cd0   Section       64  ctype_c.o(.constdata)
    .conststring                             0x08006d10   Section      797  huawei.o(.conststring)
    .data                                    0x24000000   Section       64  main.o(.data)
    .data                                    0x24000040   Section        8  system_stm32h7xx.o(.data)
    .data                                    0x24000048   Section        4  delay.o(.data)
    fac_us                                   0x24000048   Data           4  delay.o(.data)
    .data                                    0x2400004c   Section       16  huawei.o(.data)
    buf                                      0x24000054   Data           3  huawei.o(.data)
    hex_chars                                0x24000058   Data           4  huawei.o(.data)
    .data                                    0x2400005c   Section        8  hc_sr04.o(.data)
    .data                                    0x24000064   Section        9  stm32h7xx_hal.o(.data)
    uwTick                                   0x24000064   Data           4  stm32h7xx_hal.o(.data)
    uwTickPrio                               0x24000068   Data           4  stm32h7xx_hal.o(.data)
    uwTickFreq                               0x2400006c   Data           1  stm32h7xx_hal.o(.data)
    .data                                    0x24000070   Section        4  stdout.o(.data)
    .data                                    0x24000074   Section        4  errno.o(.data)
    _errno                                   0x24000074   Data           4  errno.o(.data)
    .bss                                     0x24000078   Section     8872  main.o(.bss)
    UART1_T                                  0x24000078   Data          32  main.o(.bss)
    UART1_TxBuf                              0x24000098   Data        1024  main.o(.bss)
    UART1_RxBuf                              0x24000498   Data        1024  main.o(.bss)
    UART3_T                                  0x24000898   Data          32  main.o(.bss)
    UART3_TxBuf                              0x240008b8   Data        1024  main.o(.bss)
    UART3_RxBuf                              0x24000cb8   Data        1024  main.o(.bss)
    UART4_T                                  0x240010b8   Data          32  main.o(.bss)
    UART4_TxBuf                              0x240010d8   Data        1024  main.o(.bss)
    UART4_RxBuf                              0x240014d8   Data        1024  main.o(.bss)
    UART5_T                                  0x240018d8   Data          32  main.o(.bss)
    UART5_TxBuf                              0x240018f8   Data        1024  main.o(.bss)
    UART5_RxBuf                              0x24001cf8   Data        1024  main.o(.bss)
    .bss                                     0x24002320   Section     8832  usart_fifo.o(.bss)
    UART1_T                                  0x24002320   Data          32  usart_fifo.o(.bss)
    UART1_TxBuf                              0x24002340   Data        1024  usart_fifo.o(.bss)
    UART1_RxBuf                              0x24002740   Data        1024  usart_fifo.o(.bss)
    UART3_T                                  0x24002b40   Data          32  usart_fifo.o(.bss)
    UART3_TxBuf                              0x24002b60   Data        1024  usart_fifo.o(.bss)
    UART3_RxBuf                              0x24002f60   Data        1024  usart_fifo.o(.bss)
    UART4_T                                  0x24003360   Data          32  usart_fifo.o(.bss)
    UART4_TxBuf                              0x24003380   Data        1024  usart_fifo.o(.bss)
    UART4_RxBuf                              0x24003780   Data        1024  usart_fifo.o(.bss)
    UART5_T                                  0x24003b80   Data          32  usart_fifo.o(.bss)
    UART5_TxBuf                              0x24003ba0   Data        1024  usart_fifo.o(.bss)
    UART5_RxBuf                              0x24003fa0   Data        1024  usart_fifo.o(.bss)
    .bss                                     0x240045a0   Section    12672  huawei.o(.bss)
    UART1_T                                  0x240045a0   Data          32  huawei.o(.bss)
    UART1_TxBuf                              0x240045c0   Data        1024  huawei.o(.bss)
    UART1_RxBuf                              0x240049c0   Data        1024  huawei.o(.bss)
    UART3_T                                  0x24004dc0   Data          32  huawei.o(.bss)
    UART3_TxBuf                              0x24004de0   Data        1024  huawei.o(.bss)
    UART3_RxBuf                              0x240051e0   Data        1024  huawei.o(.bss)
    UART4_T                                  0x240055e0   Data          32  huawei.o(.bss)
    UART4_TxBuf                              0x24005600   Data        1024  huawei.o(.bss)
    UART4_RxBuf                              0x24005a00   Data        1024  huawei.o(.bss)
    UART5_T                                  0x24005e00   Data          32  huawei.o(.bss)
    UART5_TxBuf                              0x24005e20   Data        1024  huawei.o(.bss)
    UART5_RxBuf                              0x24006220   Data        1024  huawei.o(.bss)
    .bss                                     0x24007720   Section     8384  hc_sr04.o(.bss)
    UART1_T                                  0x24007720   Data          32  hc_sr04.o(.bss)
    UART1_TxBuf                              0x24007740   Data        1024  hc_sr04.o(.bss)
    UART1_RxBuf                              0x24007b40   Data        1024  hc_sr04.o(.bss)
    UART3_T                                  0x24007f40   Data          32  hc_sr04.o(.bss)
    UART3_TxBuf                              0x24007f60   Data        1024  hc_sr04.o(.bss)
    UART3_RxBuf                              0x24008360   Data        1024  hc_sr04.o(.bss)
    UART4_T                                  0x24008760   Data          32  hc_sr04.o(.bss)
    UART4_TxBuf                              0x24008780   Data        1024  hc_sr04.o(.bss)
    UART4_RxBuf                              0x24008b80   Data        1024  hc_sr04.o(.bss)
    UART5_T                                  0x24008f80   Data          32  hc_sr04.o(.bss)
    UART5_TxBuf                              0x24008fa0   Data        1024  hc_sr04.o(.bss)
    UART5_RxBuf                              0x240093a0   Data        1024  hc_sr04.o(.bss)
    STACK                                    0x240097e0   Section     1024  startup_stm32h750xx.o(STACK)

    Global Symbols

    Symbol Name                              Value     Ov Type        Size  Object(Section)

    BuildAttributes$$THM_ISAv4$E$P$D$K$B$S$7EM$VFPv5_D16$PE$PLD8$A:L22UL41UL21$X:L11$S22US41US21$IEEE1$IW$USESV6$~STKCKD$USESV7$~SHL$OTIME$ROPI$IEEEX$EBA8$MICROLIB$REQ8$PRES8$EABIv2 0x00000000   Number         0  anon$$obj.o ABSOLUTE
    __ARM_use_no_argv                        0x00000000   Number         0  main.o ABSOLUTE
    _printf_a                                0x00000000   Number         0  stubs.o ABSOLUTE
    _printf_c                                0x00000000   Number         0  stubs.o ABSOLUTE
    _printf_charcount                        0x00000000   Number         0  stubs.o ABSOLUTE
    _printf_d                                0x00000000   Number         0  stubs.o ABSOLUTE
    _printf_e                                0x00000000   Number         0  stubs.o ABSOLUTE
    _printf_f                                0x00000000   Number         0  stubs.o ABSOLUTE
    _printf_flags                            0x00000000   Number         0  stubs.o ABSOLUTE
    _printf_fp_dec                           0x00000000   Number         0  stubs.o ABSOLUTE
    _printf_fp_hex                           0x00000000   Number         0  stubs.o ABSOLUTE
    _printf_g                                0x00000000   Number         0  stubs.o ABSOLUTE
    _printf_i                                0x00000000   Number         0  stubs.o ABSOLUTE
    _printf_int_dec                          0x00000000   Number         0  stubs.o ABSOLUTE
    _printf_l                                0x00000000   Number         0  stubs.o ABSOLUTE
    _printf_lc                               0x00000000   Number         0  stubs.o ABSOLUTE
    _printf_ll                               0x00000000   Number         0  stubs.o ABSOLUTE
    _printf_lld                              0x00000000   Number         0  stubs.o ABSOLUTE
    _printf_lli                              0x00000000   Number         0  stubs.o ABSOLUTE
    _printf_llo                              0x00000000   Number         0  stubs.o ABSOLUTE
    _printf_llu                              0x00000000   Number         0  stubs.o ABSOLUTE
    _printf_llx                              0x00000000   Number         0  stubs.o ABSOLUTE
    _printf_longlong_dec                     0x00000000   Number         0  stubs.o ABSOLUTE
    _printf_longlong_hex                     0x00000000   Number         0  stubs.o ABSOLUTE
    _printf_longlong_oct                     0x00000000   Number         0  stubs.o ABSOLUTE
    _printf_ls                               0x00000000   Number         0  stubs.o ABSOLUTE
    _printf_mbtowc                           0x00000000   Number         0  stubs.o ABSOLUTE
    _printf_n                                0x00000000   Number         0  stubs.o ABSOLUTE
    _printf_o                                0x00000000   Number         0  stubs.o ABSOLUTE
    _printf_p                                0x00000000   Number         0  stubs.o ABSOLUTE
    _printf_percent                          0x00000000   Number         0  stubs.o ABSOLUTE
    _printf_pre_padding                      0x00000000   Number         0  stubs.o ABSOLUTE
    _printf_return_value                     0x00000000   Number         0  stubs.o ABSOLUTE
    _printf_s                                0x00000000   Number         0  stubs.o ABSOLUTE
    _printf_sizespec                         0x00000000   Number         0  stubs.o ABSOLUTE
    _printf_str                              0x00000000   Number         0  stubs.o ABSOLUTE
    _printf_truncate_signed                  0x00000000   Number         0  stubs.o ABSOLUTE
    _printf_truncate_unsigned                0x00000000   Number         0  stubs.o ABSOLUTE
    _printf_u                                0x00000000   Number         0  stubs.o ABSOLUTE
    _printf_wc                               0x00000000   Number         0  stubs.o ABSOLUTE
    _printf_wctomb                           0x00000000   Number         0  stubs.o ABSOLUTE
    _printf_widthprec                        0x00000000   Number         0  stubs.o ABSOLUTE
    _printf_x                                0x00000000   Number         0  stubs.o ABSOLUTE
    __arm_fini_                               - Undefined Weak Reference
    __cpp_initialize__aeabi_                  - Undefined Weak Reference
    __cxa_finalize                            - Undefined Weak Reference
    __decompress                              - Undefined Weak Reference
    _clock_init                               - Undefined Weak Reference
    _microlib_exit                            - Undefined Weak Reference
    __Vectors_Size                           0x00000298   Number         0  startup_stm32h750xx.o ABSOLUTE
    __Vectors                                0x08000000   Data           4  startup_stm32h750xx.o(RESET)
    __Vectors_End                            0x08000298   Data           0  startup_stm32h750xx.o(RESET)
    __main                                   0x08000299   Thumb Code     0  entry.o(.ARM.Collect$$$$00000000)
    _main_stk                                0x08000299   Thumb Code     0  entry2.o(.ARM.Collect$$$$00000001)
    _main_scatterload                        0x0800029d   Thumb Code     0  entry5.o(.ARM.Collect$$$$00000004)
    __main_after_scatterload                 0x080002a1   Thumb Code     0  entry5.o(.ARM.Collect$$$$00000004)
    _main_clock                              0x080002a1   Thumb Code     0  entry7b.o(.ARM.Collect$$$$00000008)
    _main_cpp_init                           0x080002a1   Thumb Code     0  entry8b.o(.ARM.Collect$$$$0000000A)
    _main_init                               0x080002a1   Thumb Code     0  entry9a.o(.ARM.Collect$$$$0000000B)
    __rt_lib_shutdown_fini                   0x080002a9   Thumb Code     0  entry12b.o(.ARM.Collect$$$$0000000E)
    __rt_final_cpp                           0x080002ad   Thumb Code     0  entry10a.o(.ARM.Collect$$$$0000000F)
    __rt_final_exit                          0x080002ad   Thumb Code     0  entry11a.o(.ARM.Collect$$$$00000011)
    Reset_Handler                            0x080002b1   Thumb Code     8  startup_stm32h750xx.o(.text)
    ADC3_IRQHandler                          0x080002cb   Thumb Code     0  startup_stm32h750xx.o(.text)
    ADC_IRQHandler                           0x080002cb   Thumb Code     0  startup_stm32h750xx.o(.text)
    BDMA_Channel0_IRQHandler                 0x080002cb   Thumb Code     0  startup_stm32h750xx.o(.text)
    BDMA_Channel1_IRQHandler                 0x080002cb   Thumb Code     0  startup_stm32h750xx.o(.text)
    BDMA_Channel2_IRQHandler                 0x080002cb   Thumb Code     0  startup_stm32h750xx.o(.text)
    BDMA_Channel3_IRQHandler                 0x080002cb   Thumb Code     0  startup_stm32h750xx.o(.text)
    BDMA_Channel4_IRQHandler                 0x080002cb   Thumb Code     0  startup_stm32h750xx.o(.text)
    BDMA_Channel5_IRQHandler                 0x080002cb   Thumb Code     0  startup_stm32h750xx.o(.text)
    BDMA_Channel6_IRQHandler                 0x080002cb   Thumb Code     0  startup_stm32h750xx.o(.text)
    BDMA_Channel7_IRQHandler                 0x080002cb   Thumb Code     0  startup_stm32h750xx.o(.text)
    CEC_IRQHandler                           0x080002cb   Thumb Code     0  startup_stm32h750xx.o(.text)
    COMP1_IRQHandler                         0x080002cb   Thumb Code     0  startup_stm32h750xx.o(.text)
    CRS_IRQHandler                           0x080002cb   Thumb Code     0  startup_stm32h750xx.o(.text)
    CRYP_IRQHandler                          0x080002cb   Thumb Code     0  startup_stm32h750xx.o(.text)
    DCMI_IRQHandler                          0x080002cb   Thumb Code     0  startup_stm32h750xx.o(.text)
    DFSDM1_FLT0_IRQHandler                   0x080002cb   Thumb Code     0  startup_stm32h750xx.o(.text)
    DFSDM1_FLT1_IRQHandler                   0x080002cb   Thumb Code     0  startup_stm32h750xx.o(.text)
    DFSDM1_FLT2_IRQHandler                   0x080002cb   Thumb Code     0  startup_stm32h750xx.o(.text)
    DFSDM1_FLT3_IRQHandler                   0x080002cb   Thumb Code     0  startup_stm32h750xx.o(.text)
    DMA1_Stream0_IRQHandler                  0x080002cb   Thumb Code     0  startup_stm32h750xx.o(.text)
    DMA1_Stream1_IRQHandler                  0x080002cb   Thumb Code     0  startup_stm32h750xx.o(.text)
    DMA1_Stream2_IRQHandler                  0x080002cb   Thumb Code     0  startup_stm32h750xx.o(.text)
    DMA1_Stream3_IRQHandler                  0x080002cb   Thumb Code     0  startup_stm32h750xx.o(.text)
    DMA1_Stream4_IRQHandler                  0x080002cb   Thumb Code     0  startup_stm32h750xx.o(.text)
    DMA1_Stream5_IRQHandler                  0x080002cb   Thumb Code     0  startup_stm32h750xx.o(.text)
    DMA1_Stream6_IRQHandler                  0x080002cb   Thumb Code     0  startup_stm32h750xx.o(.text)
    DMA1_Stream7_IRQHandler                  0x080002cb   Thumb Code     0  startup_stm32h750xx.o(.text)
    DMA2D_IRQHandler                         0x080002cb   Thumb Code     0  startup_stm32h750xx.o(.text)
    DMA2_Stream0_IRQHandler                  0x080002cb   Thumb Code     0  startup_stm32h750xx.o(.text)
    DMA2_Stream1_IRQHandler                  0x080002cb   Thumb Code     0  startup_stm32h750xx.o(.text)
    DMA2_Stream2_IRQHandler                  0x080002cb   Thumb Code     0  startup_stm32h750xx.o(.text)
    DMA2_Stream3_IRQHandler                  0x080002cb   Thumb Code     0  startup_stm32h750xx.o(.text)
    DMA2_Stream4_IRQHandler                  0x080002cb   Thumb Code     0  startup_stm32h750xx.o(.text)
    DMA2_Stream5_IRQHandler                  0x080002cb   Thumb Code     0  startup_stm32h750xx.o(.text)
    DMA2_Stream6_IRQHandler                  0x080002cb   Thumb Code     0  startup_stm32h750xx.o(.text)
    DMA2_Stream7_IRQHandler                  0x080002cb   Thumb Code     0  startup_stm32h750xx.o(.text)
    DMAMUX1_OVR_IRQHandler                   0x080002cb   Thumb Code     0  startup_stm32h750xx.o(.text)
    DMAMUX2_OVR_IRQHandler                   0x080002cb   Thumb Code     0  startup_stm32h750xx.o(.text)
    ETH_IRQHandler                           0x080002cb   Thumb Code     0  startup_stm32h750xx.o(.text)
    ETH_WKUP_IRQHandler                      0x080002cb   Thumb Code     0  startup_stm32h750xx.o(.text)
    EXTI0_IRQHandler                         0x080002cb   Thumb Code     0  startup_stm32h750xx.o(.text)
    EXTI15_10_IRQHandler                     0x080002cb   Thumb Code     0  startup_stm32h750xx.o(.text)
    EXTI1_IRQHandler                         0x080002cb   Thumb Code     0  startup_stm32h750xx.o(.text)
    EXTI2_IRQHandler                         0x080002cb   Thumb Code     0  startup_stm32h750xx.o(.text)
    EXTI3_IRQHandler                         0x080002cb   Thumb Code     0  startup_stm32h750xx.o(.text)
    EXTI4_IRQHandler                         0x080002cb   Thumb Code     0  startup_stm32h750xx.o(.text)
    EXTI9_5_IRQHandler                       0x080002cb   Thumb Code     0  startup_stm32h750xx.o(.text)
    FDCAN1_IT0_IRQHandler                    0x080002cb   Thumb Code     0  startup_stm32h750xx.o(.text)
    FDCAN1_IT1_IRQHandler                    0x080002cb   Thumb Code     0  startup_stm32h750xx.o(.text)
    FDCAN2_IT0_IRQHandler                    0x080002cb   Thumb Code     0  startup_stm32h750xx.o(.text)
    FDCAN2_IT1_IRQHandler                    0x080002cb   Thumb Code     0  startup_stm32h750xx.o(.text)
    FDCAN_CAL_IRQHandler                     0x080002cb   Thumb Code     0  startup_stm32h750xx.o(.text)
    FLASH_IRQHandler                         0x080002cb   Thumb Code     0  startup_stm32h750xx.o(.text)
    FMC_IRQHandler                           0x080002cb   Thumb Code     0  startup_stm32h750xx.o(.text)
    FPU_IRQHandler                           0x080002cb   Thumb Code     0  startup_stm32h750xx.o(.text)
    HASH_RNG_IRQHandler                      0x080002cb   Thumb Code     0  startup_stm32h750xx.o(.text)
    HRTIM1_FLT_IRQHandler                    0x080002cb   Thumb Code     0  startup_stm32h750xx.o(.text)
    HRTIM1_Master_IRQHandler                 0x080002cb   Thumb Code     0  startup_stm32h750xx.o(.text)
    HRTIM1_TIMA_IRQHandler                   0x080002cb   Thumb Code     0  startup_stm32h750xx.o(.text)
    HRTIM1_TIMB_IRQHandler                   0x080002cb   Thumb Code     0  startup_stm32h750xx.o(.text)
    HRTIM1_TIMC_IRQHandler                   0x080002cb   Thumb Code     0  startup_stm32h750xx.o(.text)
    HRTIM1_TIMD_IRQHandler                   0x080002cb   Thumb Code     0  startup_stm32h750xx.o(.text)
    HRTIM1_TIME_IRQHandler                   0x080002cb   Thumb Code     0  startup_stm32h750xx.o(.text)
    HSEM1_IRQHandler                         0x080002cb   Thumb Code     0  startup_stm32h750xx.o(.text)
    I2C1_ER_IRQHandler                       0x080002cb   Thumb Code     0  startup_stm32h750xx.o(.text)
    I2C1_EV_IRQHandler                       0x080002cb   Thumb Code     0  startup_stm32h750xx.o(.text)
    I2C2_ER_IRQHandler                       0x080002cb   Thumb Code     0  startup_stm32h750xx.o(.text)
    I2C2_EV_IRQHandler                       0x080002cb   Thumb Code     0  startup_stm32h750xx.o(.text)
    I2C3_ER_IRQHandler                       0x080002cb   Thumb Code     0  startup_stm32h750xx.o(.text)
    I2C3_EV_IRQHandler                       0x080002cb   Thumb Code     0  startup_stm32h750xx.o(.text)
    I2C4_ER_IRQHandler                       0x080002cb   Thumb Code     0  startup_stm32h750xx.o(.text)
    I2C4_EV_IRQHandler                       0x080002cb   Thumb Code     0  startup_stm32h750xx.o(.text)
    JPEG_IRQHandler                          0x080002cb   Thumb Code     0  startup_stm32h750xx.o(.text)
    LPTIM1_IRQHandler                        0x080002cb   Thumb Code     0  startup_stm32h750xx.o(.text)
    LPTIM2_IRQHandler                        0x080002cb   Thumb Code     0  startup_stm32h750xx.o(.text)
    LPTIM3_IRQHandler                        0x080002cb   Thumb Code     0  startup_stm32h750xx.o(.text)
    LPTIM4_IRQHandler                        0x080002cb   Thumb Code     0  startup_stm32h750xx.o(.text)
    LPTIM5_IRQHandler                        0x080002cb   Thumb Code     0  startup_stm32h750xx.o(.text)
    LPUART1_IRQHandler                       0x080002cb   Thumb Code     0  startup_stm32h750xx.o(.text)
    LTDC_ER_IRQHandler                       0x080002cb   Thumb Code     0  startup_stm32h750xx.o(.text)
    LTDC_IRQHandler                          0x080002cb   Thumb Code     0  startup_stm32h750xx.o(.text)
    MDIOS_IRQHandler                         0x080002cb   Thumb Code     0  startup_stm32h750xx.o(.text)
    MDIOS_WKUP_IRQHandler                    0x080002cb   Thumb Code     0  startup_stm32h750xx.o(.text)
    MDMA_IRQHandler                          0x080002cb   Thumb Code     0  startup_stm32h750xx.o(.text)
    OTG_FS_EP1_IN_IRQHandler                 0x080002cb   Thumb Code     0  startup_stm32h750xx.o(.text)
    OTG_FS_EP1_OUT_IRQHandler                0x080002cb   Thumb Code     0  startup_stm32h750xx.o(.text)
    OTG_FS_IRQHandler                        0x080002cb   Thumb Code     0  startup_stm32h750xx.o(.text)
    OTG_FS_WKUP_IRQHandler                   0x080002cb   Thumb Code     0  startup_stm32h750xx.o(.text)
    OTG_HS_EP1_IN_IRQHandler                 0x080002cb   Thumb Code     0  startup_stm32h750xx.o(.text)
    OTG_HS_EP1_OUT_IRQHandler                0x080002cb   Thumb Code     0  startup_stm32h750xx.o(.text)
    OTG_HS_IRQHandler                        0x080002cb   Thumb Code     0  startup_stm32h750xx.o(.text)
    OTG_HS_WKUP_IRQHandler                   0x080002cb   Thumb Code     0  startup_stm32h750xx.o(.text)
    PVD_AVD_IRQHandler                       0x080002cb   Thumb Code     0  startup_stm32h750xx.o(.text)
    QUADSPI_IRQHandler                       0x080002cb   Thumb Code     0  startup_stm32h750xx.o(.text)
    RCC_IRQHandler                           0x080002cb   Thumb Code     0  startup_stm32h750xx.o(.text)
    RTC_Alarm_IRQHandler                     0x080002cb   Thumb Code     0  startup_stm32h750xx.o(.text)
    RTC_WKUP_IRQHandler                      0x080002cb   Thumb Code     0  startup_stm32h750xx.o(.text)
    SAI1_IRQHandler                          0x080002cb   Thumb Code     0  startup_stm32h750xx.o(.text)
    SAI2_IRQHandler                          0x080002cb   Thumb Code     0  startup_stm32h750xx.o(.text)
    SAI3_IRQHandler                          0x080002cb   Thumb Code     0  startup_stm32h750xx.o(.text)
    SAI4_IRQHandler                          0x080002cb   Thumb Code     0  startup_stm32h750xx.o(.text)
    SDMMC1_IRQHandler                        0x080002cb   Thumb Code     0  startup_stm32h750xx.o(.text)
    SDMMC2_IRQHandler                        0x080002cb   Thumb Code     0  startup_stm32h750xx.o(.text)
    SPDIF_RX_IRQHandler                      0x080002cb   Thumb Code     0  startup_stm32h750xx.o(.text)
    SPI1_IRQHandler                          0x080002cb   Thumb Code     0  startup_stm32h750xx.o(.text)
    SPI2_IRQHandler                          0x080002cb   Thumb Code     0  startup_stm32h750xx.o(.text)
    SPI3_IRQHandler                          0x080002cb   Thumb Code     0  startup_stm32h750xx.o(.text)
    SPI4_IRQHandler                          0x080002cb   Thumb Code     0  startup_stm32h750xx.o(.text)
    SPI5_IRQHandler                          0x080002cb   Thumb Code     0  startup_stm32h750xx.o(.text)
    SPI6_IRQHandler                          0x080002cb   Thumb Code     0  startup_stm32h750xx.o(.text)
    SWPMI1_IRQHandler                        0x080002cb   Thumb Code     0  startup_stm32h750xx.o(.text)
    TAMP_STAMP_IRQHandler                    0x080002cb   Thumb Code     0  startup_stm32h750xx.o(.text)
    TIM15_IRQHandler                         0x080002cb   Thumb Code     0  startup_stm32h750xx.o(.text)
    TIM16_IRQHandler                         0x080002cb   Thumb Code     0  startup_stm32h750xx.o(.text)
    TIM17_IRQHandler                         0x080002cb   Thumb Code     0  startup_stm32h750xx.o(.text)
    TIM1_BRK_IRQHandler                      0x080002cb   Thumb Code     0  startup_stm32h750xx.o(.text)
    TIM1_CC_IRQHandler                       0x080002cb   Thumb Code     0  startup_stm32h750xx.o(.text)
    TIM1_TRG_COM_IRQHandler                  0x080002cb   Thumb Code     0  startup_stm32h750xx.o(.text)
    TIM1_UP_IRQHandler                       0x080002cb   Thumb Code     0  startup_stm32h750xx.o(.text)
    TIM3_IRQHandler                          0x080002cb   Thumb Code     0  startup_stm32h750xx.o(.text)
    TIM4_IRQHandler                          0x080002cb   Thumb Code     0  startup_stm32h750xx.o(.text)
    TIM5_IRQHandler                          0x080002cb   Thumb Code     0  startup_stm32h750xx.o(.text)
    TIM6_DAC_IRQHandler                      0x080002cb   Thumb Code     0  startup_stm32h750xx.o(.text)
    TIM7_IRQHandler                          0x080002cb   Thumb Code     0  startup_stm32h750xx.o(.text)
    TIM8_BRK_TIM12_IRQHandler                0x080002cb   Thumb Code     0  startup_stm32h750xx.o(.text)
    TIM8_CC_IRQHandler                       0x080002cb   Thumb Code     0  startup_stm32h750xx.o(.text)
    TIM8_TRG_COM_TIM14_IRQHandler            0x080002cb   Thumb Code     0  startup_stm32h750xx.o(.text)
    TIM8_UP_TIM13_IRQHandler                 0x080002cb   Thumb Code     0  startup_stm32h750xx.o(.text)
    UART7_IRQHandler                         0x080002cb   Thumb Code     0  startup_stm32h750xx.o(.text)
    UART8_IRQHandler                         0x080002cb   Thumb Code     0  startup_stm32h750xx.o(.text)
    USART2_IRQHandler                        0x080002cb   Thumb Code     0  startup_stm32h750xx.o(.text)
    USART6_IRQHandler                        0x080002cb   Thumb Code     0  startup_stm32h750xx.o(.text)
    WAKEUP_PIN_IRQHandler                    0x080002cb   Thumb Code     0  startup_stm32h750xx.o(.text)
    WWDG_IRQHandler                          0x080002cb   Thumb Code     0  startup_stm32h750xx.o(.text)
    __aeabi_uldivmod                         0x080002d5   Thumb Code    98  uldiv.o(.text)
    __aeabi_memcpy                           0x08000337   Thumb Code    36  memcpya.o(.text)
    __aeabi_memcpy4                          0x08000337   Thumb Code     0  memcpya.o(.text)
    __aeabi_memcpy8                          0x08000337   Thumb Code     0  memcpya.o(.text)
    __aeabi_memset                           0x0800035b   Thumb Code    14  memseta.o(.text)
    __aeabi_memset4                          0x0800035b   Thumb Code     0  memseta.o(.text)
    __aeabi_memset8                          0x0800035b   Thumb Code     0  memseta.o(.text)
    __aeabi_memclr                           0x08000369   Thumb Code     4  memseta.o(.text)
    __aeabi_memclr4                          0x08000369   Thumb Code     0  memseta.o(.text)
    __aeabi_memclr8                          0x08000369   Thumb Code     0  memseta.o(.text)
    _memset$wrapper                          0x0800036d   Thumb Code    18  memseta.o(.text)
    strcat                                   0x0800037f   Thumb Code    24  strcat.o(.text)
    strstr                                   0x08000397   Thumb Code    36  strstr.o(.text)
    strlen                                   0x080003bb   Thumb Code    14  strlen.o(.text)
    __aeabi_uidiv                            0x080003c9   Thumb Code     0  uidiv.o(.text)
    __aeabi_uidivmod                         0x080003c9   Thumb Code    44  uidiv.o(.text)
    __aeabi_llsl                             0x080003f5   Thumb Code    30  llshl.o(.text)
    _ll_shift_l                              0x080003f5   Thumb Code     0  llshl.o(.text)
    __aeabi_llsr                             0x08000413   Thumb Code    32  llushr.o(.text)
    _ll_ushift_r                             0x08000413   Thumb Code     0  llushr.o(.text)
    __strtod_int                             0x0800046b   Thumb Code    90  strtod.o(.text)
    __I$use$fp                               0x080004d1   Thumb Code     0  iusefp.o(.text)
    __aeabi_dadd                             0x080004d1   Thumb Code   322  dadd.o(.text)
    __aeabi_dsub                             0x08000613   Thumb Code     6  dadd.o(.text)
    __aeabi_drsub                            0x08000619   Thumb Code     6  dadd.o(.text)
    __aeabi_dmul                             0x0800061f   Thumb Code   228  dmul.o(.text)
    __aeabi_ddiv                             0x08000703   Thumb Code   222  ddiv.o(.text)
    __aeabi_d2ulz                            0x080007e1   Thumb Code    48  dfixul.o(.text)
    __aeabi_cdrcmple                         0x08000811   Thumb Code    48  cdrcmple.o(.text)
    __scatterload                            0x08000841   Thumb Code    28  init.o(.text)
    __scatterload_rt2                        0x08000841   Thumb Code     0  init.o(.text)
    __aeabi_lasr                             0x08000865   Thumb Code    36  llsshr.o(.text)
    _ll_sshift_r                             0x08000865   Thumb Code     0  llsshr.o(.text)
    isspace                                  0x08000889   Thumb Code    10  isspace_c.o(.text)
    _scanf_real                              0x080009bd   Thumb Code     0  scanf_fp.o(.text)
    _scanf_really_real                       0x080009bd   Thumb Code   556  scanf_fp.o(.text)
    _sgetc                                   0x08000bf5   Thumb Code    30  _sgetc.o(.text)
    _sbackspace                              0x08000c13   Thumb Code    34  _sgetc.o(.text)
    _double_round                            0x08000c35   Thumb Code    30  depilogue.o(.text)
    _double_epilogue                         0x08000c53   Thumb Code   156  depilogue.o(.text)
    __ctype_lookup                           0x08000cf1   Thumb Code    34  ctype_c.o(.text)
    __aeabi_ul2d                             0x08000d19   Thumb Code    24  dfltul.o(.text)
    __aeabi_d2f                              0x08000d31   Thumb Code    56  d2f.o(.text)
    _float_round                             0x08000d69   Thumb Code    18  fepilogue.o(.text)
    _float_epilogue                          0x08000d7b   Thumb Code    92  fepilogue.o(.text)
    BusFault_Handler                         0x08000dd7   Thumb Code     4  stm32h7xx_it.o(i.BusFault_Handler)
    CPU_CACHE_Enable                         0x08000ddd   Thumb Code    24  system.o(i.CPU_CACHE_Enable)
    ComToUart                                0x08000df9   Thumb Code    36  usart_fifo.o(i.ComToUart)
    DebugMon_Handler                         0x08000e2d   Thumb Code     2  stm32h7xx_it.o(i.DebugMon_Handler)
    ESP8266_AT                               0x08000e31   Thumb Code    46  wifi.o(i.ESP8266_AT)
    ESP8266_AT_RST                           0x08000e91   Thumb Code    40  wifi.o(i.ESP8266_AT_RST)
    ESP8266_ConnectAP                        0x08000eed   Thumb Code   100  wifi.o(i.ESP8266_ConnectAP)
    ESP8266_EchoOff                          0x08000f95   Thumb Code    40  wifi.o(i.ESP8266_EchoOff)
    ESP8266_PowerOn                          0x08000fe9   Thumb Code    72  wifi.o(i.ESP8266_PowerOn)
    ESP8266_Reset                            0x08001049   Thumb Code    38  wifi.o(i.ESP8266_Reset)
    ESP8266_SendAT                           0x08001075   Thumb Code    34  wifi.o(i.ESP8266_SendAT)
    ESP8266_WaitResponse                     0x0800109d   Thumb Code   116  wifi.o(i.ESP8266_WaitResponse)
    HAL_GPIO_Init                            0x08001111   Thumb Code   534  stm32h7xx_hal_gpio.o(i.HAL_GPIO_Init)
    HAL_GPIO_ReadPin                         0x0800135d   Thumb Code    16  stm32h7xx_hal_gpio.o(i.HAL_GPIO_ReadPin)
    HAL_GPIO_WritePin                        0x0800136d   Thumb Code    10  stm32h7xx_hal_gpio.o(i.HAL_GPIO_WritePin)
    HAL_GetTick                              0x08001379   Thumb Code     6  stm32h7xx_hal.o(i.HAL_GetTick)
    HAL_IncTick                              0x08001385   Thumb Code    16  stm32h7xx_hal.o(i.HAL_IncTick)
    HAL_Init                                 0x0800139d   Thumb Code    28  stm32h7xx_hal.o(i.HAL_Init)
    HAL_InitTick                             0x080013b9   Thumb Code    64  stm32h7xx_hal.o(i.HAL_InitTick)
    HAL_MPU_ConfigRegion                     0x08001405   Thumb Code    88  stm32h7xx_hal_cortex.o(i.HAL_MPU_ConfigRegion)
    HAL_MPU_Disable                          0x08001461   Thumb Code    38  stm32h7xx_hal_cortex.o(i.HAL_MPU_Disable)
    HAL_MPU_Enable                           0x0800148d   Thumb Code    58  stm32h7xx_hal_cortex.o(i.HAL_MPU_Enable)
    HAL_MspInit                              0x080014cd   Thumb Code     2  stm32h7xx_hal.o(i.HAL_MspInit)
    HAL_NVIC_EnableIRQ                       0x080014cf   Thumb Code    32  stm32h7xx_hal_cortex.o(i.HAL_NVIC_EnableIRQ)
    HAL_NVIC_SetPriority                     0x080014ef   Thumb Code   122  stm32h7xx_hal_cortex.o(i.HAL_NVIC_SetPriority)
    HAL_NVIC_SetPriorityGrouping             0x08001569   Thumb Code    32  stm32h7xx_hal_cortex.o(i.HAL_NVIC_SetPriorityGrouping)
    HAL_RCCEx_GetD1SysClockFreq              0x08001591   Thumb Code    44  stm32h7xx_hal_rcc_ex.o(i.HAL_RCCEx_GetD1SysClockFreq)
    HAL_RCCEx_GetD3PCLK1Freq                 0x080015c9   Thumb Code    34  stm32h7xx_hal_rcc_ex.o(i.HAL_RCCEx_GetD3PCLK1Freq)
    HAL_RCCEx_GetPLL2ClockFreq               0x080015f5   Thumb Code   532  stm32h7xx_hal_rcc_ex.o(i.HAL_RCCEx_GetPLL2ClockFreq)
    HAL_RCCEx_GetPLL3ClockFreq               0x08001821   Thumb Code   532  stm32h7xx_hal_rcc_ex.o(i.HAL_RCCEx_GetPLL3ClockFreq)
    HAL_RCC_ClockConfig                      0x08001a4d   Thumb Code   574  stm32h7xx_hal_rcc.o(i.HAL_RCC_ClockConfig)
    HAL_RCC_GetHCLKFreq                      0x08001c9d   Thumb Code    42  stm32h7xx_hal_rcc.o(i.HAL_RCC_GetHCLKFreq)
    HAL_RCC_GetPCLK1Freq                     0x08001cd5   Thumb Code    34  stm32h7xx_hal_rcc.o(i.HAL_RCC_GetPCLK1Freq)
    HAL_RCC_GetPCLK2Freq                     0x08001d01   Thumb Code    36  stm32h7xx_hal_rcc.o(i.HAL_RCC_GetPCLK2Freq)
    HAL_RCC_GetSysClockFreq                  0x08001d2d   Thumb Code   556  stm32h7xx_hal_rcc.o(i.HAL_RCC_GetSysClockFreq)
    HAL_RCC_OscConfig                        0x08001f71   Thumb Code  1724  stm32h7xx_hal_rcc.o(i.HAL_RCC_OscConfig)
    HAL_SYSTICK_CLKSourceConfig              0x08002635   Thumb Code    40  stm32h7xx_hal_cortex.o(i.HAL_SYSTICK_CLKSourceConfig)
    HAL_SYSTICK_Config                       0x0800265d   Thumb Code    52  stm32h7xx_hal_cortex.o(i.HAL_SYSTICK_Config)
    HAL_TIMEx_BreakCallback                  0x08002691   Thumb Code     2  stm32h7xx_hal_tim_ex.o(i.HAL_TIMEx_BreakCallback)
    HAL_TIMEx_CommutationCallback            0x08002693   Thumb Code     2  stm32h7xx_hal_tim_ex.o(i.HAL_TIMEx_CommutationCallback)
    HAL_TIM_Base_Init                        0x08002695   Thumb Code    52  stm32h7xx_hal_tim.o(i.HAL_TIM_Base_Init)
    HAL_TIM_Base_MspInit                     0x080026c9   Thumb Code    58  timer.o(i.HAL_TIM_Base_MspInit)
    HAL_TIM_Base_Start_IT                    0x08002709   Thumb Code    30  stm32h7xx_hal_tim.o(i.HAL_TIM_Base_Start_IT)
    HAL_TIM_Base_Stop_IT                     0x08002727   Thumb Code    56  stm32h7xx_hal_tim.o(i.HAL_TIM_Base_Stop_IT)
    HAL_TIM_IC_CaptureCallback               0x0800275f   Thumb Code     2  stm32h7xx_hal_tim.o(i.HAL_TIM_IC_CaptureCallback)
    HAL_TIM_IRQHandler                       0x08002761   Thumb Code   440  stm32h7xx_hal_tim.o(i.HAL_TIM_IRQHandler)
    HAL_TIM_OC_DelayElapsedCallback          0x08002919   Thumb Code     2  stm32h7xx_hal_tim.o(i.HAL_TIM_OC_DelayElapsedCallback)
    HAL_TIM_PWM_PulseFinishedCallback        0x0800291b   Thumb Code     2  stm32h7xx_hal_tim.o(i.HAL_TIM_PWM_PulseFinishedCallback)
    HAL_TIM_PeriodElapsedCallback            0x0800291d   Thumb Code    18  timer.o(i.HAL_TIM_PeriodElapsedCallback)
    HAL_TIM_TriggerCallback                  0x08002939   Thumb Code     2  stm32h7xx_hal_tim.o(i.HAL_TIM_TriggerCallback)
    HAL_UART_Init                            0x0800293b   Thumb Code   120  stm32h7xx_hal_uart.o(i.HAL_UART_Init)
    HAL_UART_MspInit                         0x080029b5   Thumb Code   700  usart_fifo.o(i.HAL_UART_MspInit)
    HardFault_Handler                        0x08002c95   Thumb Code     4  stm32h7xx_it.o(i.HardFault_Handler)
    MPU_Memory_Protection                    0x08002c99   Thumb Code    50  system.o(i.MPU_Memory_Protection)
    MPU_Set_Protection                       0x08002ccb   Thumb Code    90  system.o(i.MPU_Set_Protection)
    MemManage_Handler                        0x08002d25   Thumb Code     4  stm32h7xx_it.o(i.MemManage_Handler)
    NMI_Handler                              0x08002d29   Thumb Code     2  stm32h7xx_it.o(i.NMI_Handler)
    PendSV_Handler                           0x08002d2b   Thumb Code     2  stm32h7xx_it.o(i.PendSV_Handler)
    SVC_Handler                              0x08002e45   Thumb Code     2  stm32h7xx_it.o(i.SVC_Handler)
    SetUartParam                             0x08002e49   Thumb Code   134  usart_fifo.o(i.SetUartParam)
    SysTick_Handler                          0x08002ef1   Thumb Code     8  stm32h7xx_it.o(i.SysTick_Handler)
    SysTick_clkconfig                        0x08002ef9   Thumb Code    16  delay.o(i.SysTick_clkconfig)
    SystemClock_Config                       0x08002f0d   Thumb Code   192  system.o(i.SystemClock_Config)
    SystemInit                               0x08002fd1   Thumb Code   130  system_stm32h7xx.o(i.SystemInit)
    TIM2_IRQHandler                          0x08003065   Thumb Code    10  timer.o(i.TIM2_IRQHandler)
    TIM2_Init                                0x08003075   Thumb Code    32  timer.o(i.TIM2_Init)
    TIM_Base_SetConfig                       0x08003099   Thumb Code   172  stm32h7xx_hal_tim.o(i.TIM_Base_SetConfig)
    UART4_IRQHandler                         0x08003165   Thumb Code    10  usart_fifo.o(i.UART4_IRQHandler)
    UART5_IRQHandler                         0x08003175   Thumb Code    10  usart_fifo.o(i.UART5_IRQHandler)
    UART_AdvFeatureConfig                    0x08003185   Thumb Code   234  stm32h7xx_hal_uart.o(i.UART_AdvFeatureConfig)
    UART_CheckIdleState                      0x0800326f   Thumb Code   116  stm32h7xx_hal_uart.o(i.UART_CheckIdleState)
    UART_SetConfig                           0x080032e5   Thumb Code  2452  stm32h7xx_hal_uart.o(i.UART_SetConfig)
    UART_WaitOnFlagUntilTimeout              0x08003c89   Thumb Code   108  stm32h7xx_hal_uart.o(i.UART_WaitOnFlagUntilTimeout)
    USART1_IRQHandler                        0x08003cf5   Thumb Code    10  usart_fifo.o(i.USART1_IRQHandler)
    USART3_IRQHandler                        0x08003d05   Thumb Code    10  usart_fifo.o(i.USART3_IRQHandler)
    UsageFault_Handler                       0x08003f4b   Thumb Code     4  stm32h7xx_it.o(i.UsageFault_Handler)
    WIFI_GPIO_Init                           0x08003f51   Thumb Code    82  wifi.o(i.WIFI_GPIO_Init)
    __0printf                                0x08003fad   Thumb Code    22  printfa.o(i.__0printf)
    __1printf                                0x08003fad   Thumb Code     0  printfa.o(i.__0printf)
    __2printf                                0x08003fad   Thumb Code     0  printfa.o(i.__0printf)
    __c89printf                              0x08003fad   Thumb Code     0  printfa.o(i.__0printf)
    printf                                   0x08003fad   Thumb Code     0  printfa.o(i.__0printf)
    __0sprintf                               0x08003fcd   Thumb Code    34  printfa.o(i.__0sprintf)
    __1sprintf                               0x08003fcd   Thumb Code     0  printfa.o(i.__0sprintf)
    __2sprintf                               0x08003fcd   Thumb Code     0  printfa.o(i.__0sprintf)
    __c89sprintf                             0x08003fcd   Thumb Code     0  printfa.o(i.__0sprintf)
    sprintf                                  0x08003fcd   Thumb Code     0  printfa.o(i.__0sprintf)
    __ARM_fpclassify                         0x08003ff5   Thumb Code    48  fpclassify.o(i.__ARM_fpclassify)
    __hardfp_atan                            0x08004061   Thumb Code   402  atan.o(i.__hardfp_atan)
    __hardfp_atan2                           0x08004261   Thumb Code   392  atan2.o(i.__hardfp_atan2)
    __hardfp_atof                            0x08004429   Thumb Code    44  atof.o(i.__hardfp_atof)
    __hardfp_cos                             0x08004461   Thumb Code   158  cos.o(i.__hardfp_cos)
    __hardfp_sin                             0x08004511   Thumb Code   158  sin.o(i.__hardfp_sin)
    __hardfp_sqrt                            0x080045c1   Thumb Code   102  sqrt.o(i.__hardfp_sqrt)
    __ieee754_rem_pio2                       0x08004629   Thumb Code   646  rred.o(i.__ieee754_rem_pio2)
    __kernel_cos                             0x08004939   Thumb Code   182  cos_i.o(i.__kernel_cos)
    __kernel_poly                            0x08004a19   Thumb Code   112  poly.o(i.__kernel_poly)
    __kernel_sin                             0x08004a89   Thumb Code   144  sin_i.o(i.__kernel_sin)
    __mathlib_dbl_infnan                     0x08004b31   Thumb Code     6  dunder.o(i.__mathlib_dbl_infnan)
    __mathlib_dbl_infnan2                    0x08004b37   Thumb Code     6  dunder.o(i.__mathlib_dbl_infnan2)
    __mathlib_dbl_invalid                    0x08004b41   Thumb Code    10  dunder.o(i.__mathlib_dbl_invalid)
    __mathlib_dbl_underflow                  0x08004b59   Thumb Code    10  dunder.o(i.__mathlib_dbl_underflow)
    __read_errno                             0x08004b71   Thumb Code     6  errno.o(i.__read_errno)
    __scatterload_copy                       0x08004b7d   Thumb Code    14  handlers.o(i.__scatterload_copy)
    __scatterload_null                       0x08004b8b   Thumb Code     2  handlers.o(i.__scatterload_null)
    __scatterload_zeroinit                   0x08004b8d   Thumb Code    14  handlers.o(i.__scatterload_zeroinit)
    __set_errno                              0x08004ba1   Thumb Code     6  errno.o(i.__set_errno)
    _is_digit                                0x08004d31   Thumb Code    14  scanf_fp.o(i._is_digit)
    atan                                     0x08005451   Thumb Code    16  atan.o(i.atan)
    com4_function                            0x08005461   Thumb Code   326  main.o(i.com4_function)
    comGetChar                               0x0800561d   Thumb Code    30  usart_fifo.o(i.comGetChar)
    comSendBuf                               0x0800563b   Thumb Code    38  usart_fifo.o(i.comSendBuf)
    comSendChar                              0x08005661   Thumb Code    16  usart_fifo.o(i.comSendChar)
    deg2rad                                  0x08005671   Thumb Code    22  tpaway.o(i.deg2rad)
    delay_ms                                 0x08005699   Thumb Code    24  delay.o(i.delay_ms)
    delay_us                                 0x080056b1   Thumb Code    68  delay.o(i.delay_us)
    fabs                                     0x080056f9   Thumb Code    24  fabs.o(i.fabs)
    fand_content                             0x08005711   Thumb Code   106  huawei.o(i.fand_content)
    fputc                                    0x08005781   Thumb Code    20  usart_fifo.o(i.fputc)
    gpio_init                                0x08005799   Thumb Code    82  hc_sr04.o(i.gpio_init)
    haversine                                0x080057f5   Thumb Code   288  tpaway.o(i.haversine)
    hc_sr04                                  0x0800591d   Thumb Code   332  hc_sr04.o(i.hc_sr04)
    hc_sr04_function                         0x08005a85   Thumb Code   118  hc_sr04.o(i.hc_sr04_function)
    huawei_CWMODE                            0x08005b15   Thumb Code    40  huawei.o(i.huawei_CWMODE)
    huawei_UpDestination                     0x08005b69   Thumb Code    62  huawei.o(i.huawei_UpDestination)
    huawei_UpNav_flag                        0x08005c09   Thumb Code    62  huawei.o(i.huawei_UpNav_flag)
    huawei_UpPosition                        0x08005ca5   Thumb Code    62  huawei.o(i.huawei_UpPosition)
    huawei_Up_next_position                  0x08005d45   Thumb Code    62  huawei.o(i.huawei_Up_next_position)
    huawei_address                           0x08005de1   Thumb Code    60  huawei.o(i.huawei_address)
    huawei_clientid                          0x08005e5d   Thumb Code    56  huawei.o(i.huawei_clientid)
    huawei_init                              0x08005f11   Thumb Code    32  huawei.o(i.huawei_init)
    huawei_login                             0x08005f41   Thumb Code    60  huawei.o(i.huawei_login)
    huawei_repose                            0x0800600d   Thumb Code    60  huawei.o(i.huawei_repose)
    huawei_token                             0x08006099   Thumb Code    56  huawei.o(i.huawei_token)
    main                                     0x0800618d   Thumb Code  1926  main.o(i.main)
    uart_init                                0x0800695d   Thumb Code   212  usart_fifo.o(i.uart_init)
    uint8_to_hex                             0x08006a71   Thumb Code    38  huawei.o(i.uint8_to_hex)
    D1CorePrescTable                         0x08006ad0   Data          16  system_stm32h7xx.o(.constdata)
    __mathlib_zero                           0x08006bd8   Data           8  qnan.o(.constdata)
    __ctype_categories                       0x08006cd0   Data          64  ctype_c.o(.constdata)
    Region$$Table$$Base                      0x08007030   Number         0  anon$$obj.o(Region$$Table)
    Region$$Table$$Limit                     0x08007050   Number         0  anon$$obj.o(Region$$Table)
    wifi_flag                                0x24000000   Data           1  main.o(.data)
    gps_flag                                 0x24000001   Data           1  main.o(.data)
    Voice_flag                               0x24000002   Data           1  main.o(.data)
    start_gps_flag                           0x24000003   Data           1  main.o(.data)
    start_compare                            0x24000004   Data           1  main.o(.data)
    tcpid                                    0x24000005   Data           1  main.o(.data)
    cmd_len                                  0x24000006   Data           1  main.o(.data)
    ucData                                   0x24000007   Data           1  main.o(.data)
    direction                                0x24000008   Data           1  main.o(.data)
    repose                                   0x2400000c   Data           4  main.o(.data)
    hc_sr04_front                            0x24000010   Data           4  main.o(.data)
    hc_sr04_lift                             0x24000014   Data           4  main.o(.data)
    hc_sr04_right                            0x24000018   Data           4  main.o(.data)
    gps_gete                                 0x24000020   Data           8  main.o(.data)
    gps_getn                                 0x24000028   Data           8  main.o(.data)
    gps_gete_next                            0x24000030   Data           8  main.o(.data)
    gps_getn_next                            0x24000038   Data           8  main.o(.data)
    SystemCoreClock                          0x24000040   Data           4  system_stm32h7xx.o(.data)
    SystemD2Clock                            0x24000044   Data           4  system_stm32h7xx.o(.data)
    CONNECT_SERVER_PORT                      0x2400004c   Data           4  huawei.o(.data)
    MQTT_IP                                  0x24000050   Data           4  huawei.o(.data)
    lengh                                    0x2400005c   Data           4  hc_sr04.o(.data)
    cont                                     0x24000060   Data           4  hc_sr04.o(.data)
    __stdout                                 0x24000070   Data           4  stdout.o(.data)
    next_position                            0x240020f8   Data         256  main.o(.bss)
    Chinese_hex                              0x240021f8   Data         256  main.o(.bss)
    gps_position                             0x240022f8   Data          40  main.o(.bss)
    USART1_Handler                           0x240043a0   Data         128  usart_fifo.o(.bss)
    USART3_Handler                           0x24004420   Data         128  usart_fifo.o(.bss)
    UART4_Handler                            0x240044a0   Data         128  usart_fifo.o(.bss)
    UART5_Handler                            0x24004520   Data         128  usart_fifo.o(.bss)
    RXbuff                                   0x24006620   Data        2048  huawei.o(.bss)
    TXbuff                                   0x24006e20   Data        2048  huawei.o(.bss)
    userData                                 0x24007620   Data         256  huawei.o(.bss)
    TIM2_Handler                             0x240097a0   Data          64  hc_sr04.o(.bss)
    __initial_sp                             0x24009be0   Data           0  startup_stm32h750xx.o(STACK)



==============================================================================

Memory Map of the image

  Image Entry point : 0x08000299

  Load Region LR_IROM1 (Base: 0x08000000, Size: 0x000070c8, Max: 0x00020000, ABSOLUTE)

    Execution Region ER_IROM1 (Exec base: 0x08000000, Load base: 0x08000000, Size: 0x00007050, Max: 0x00020000, ABSOLUTE)

    Exec Addr    Load Addr    Size         Type   Attr      Idx    E Section Name        Object

    0x08000000   0x08000000   0x00000298   Data   RO         5078    RESET               startup_stm32h750xx.o
    0x08000298   0x08000298   0x00000000   Code   RO         5137  * .ARM.Collect$$$$00000000  mc_w.l(entry.o)
    0x08000298   0x08000298   0x00000004   Code   RO         5464    .ARM.Collect$$$$00000001  mc_w.l(entry2.o)
    0x0800029c   0x0800029c   0x00000004   Code   RO         5467    .ARM.Collect$$$$00000004  mc_w.l(entry5.o)
    0x080002a0   0x080002a0   0x00000000   Code   RO         5469    .ARM.Collect$$$$00000008  mc_w.l(entry7b.o)
    0x080002a0   0x080002a0   0x00000000   Code   RO         5471    .ARM.Collect$$$$0000000A  mc_w.l(entry8b.o)
    0x080002a0   0x080002a0   0x00000008   Code   RO         5472    .ARM.Collect$$$$0000000B  mc_w.l(entry9a.o)
    0x080002a8   0x080002a8   0x00000004   Code   RO         5479    .ARM.Collect$$$$0000000E  mc_w.l(entry12b.o)
    0x080002ac   0x080002ac   0x00000000   Code   RO         5474    .ARM.Collect$$$$0000000F  mc_w.l(entry10a.o)
    0x080002ac   0x080002ac   0x00000000   Code   RO         5476    .ARM.Collect$$$$00000011  mc_w.l(entry11a.o)
    0x080002ac   0x080002ac   0x00000004   Code   RO         5465    .ARM.Collect$$$$00002712  mc_w.l(entry2.o)
    0x080002b0   0x080002b0   0x00000024   Code   RO         5079    .text               startup_stm32h750xx.o
    0x080002d4   0x080002d4   0x00000062   Code   RO         5140    .text               mc_w.l(uldiv.o)
    0x08000336   0x08000336   0x00000024   Code   RO         5142    .text               mc_w.l(memcpya.o)
    0x0800035a   0x0800035a   0x00000024   Code   RO         5144    .text               mc_w.l(memseta.o)
    0x0800037e   0x0800037e   0x00000018   Code   RO         5146    .text               mc_w.l(strcat.o)
    0x08000396   0x08000396   0x00000024   Code   RO         5148    .text               mc_w.l(strstr.o)
    0x080003ba   0x080003ba   0x0000000e   Code   RO         5150    .text               mc_w.l(strlen.o)
    0x080003c8   0x080003c8   0x0000002c   Code   RO         5481    .text               mc_w.l(uidiv.o)
    0x080003f4   0x080003f4   0x0000001e   Code   RO         5483    .text               mc_w.l(llshl.o)
    0x08000412   0x08000412   0x00000020   Code   RO         5485    .text               mc_w.l(llushr.o)
    0x08000432   0x08000432   0x00000002   PAD
    0x08000434   0x08000434   0x0000009c   Code   RO         5494    .text               mc_w.l(strtod.o)
    0x080004d0   0x080004d0   0x00000000   Code   RO         5496    .text               mc_w.l(iusefp.o)
    0x080004d0   0x080004d0   0x0000014e   Code   RO         5497    .text               mf_w.l(dadd.o)
    0x0800061e   0x0800061e   0x000000e4   Code   RO         5499    .text               mf_w.l(dmul.o)
    0x08000702   0x08000702   0x000000de   Code   RO         5501    .text               mf_w.l(ddiv.o)
    0x080007e0   0x080007e0   0x00000030   Code   RO         5503    .text               mf_w.l(dfixul.o)
    0x08000810   0x08000810   0x00000030   Code   RO         5505    .text               mf_w.l(cdrcmple.o)
    0x08000840   0x08000840   0x00000024   Code   RO         5511    .text               mc_w.l(init.o)
    0x08000864   0x08000864   0x00000024   Code   RO         5513    .text               mc_w.l(llsshr.o)
    0x08000888   0x08000888   0x0000000a   Code   RO         5515    .text               mc_w.l(isspace_c.o)
    0x08000892   0x08000892   0x00000002   PAD
    0x08000894   0x08000894   0x00000360   Code   RO         5517    .text               mc_w.l(scanf_fp.o)
    0x08000bf4   0x08000bf4   0x00000040   Code   RO         5521    .text               mc_w.l(_sgetc.o)
    0x08000c34   0x08000c34   0x000000ba   Code   RO         5523    .text               mf_w.l(depilogue.o)
    0x08000cee   0x08000cee   0x00000002   PAD
    0x08000cf0   0x08000cf0   0x00000028   Code   RO         5525    .text               mc_w.l(ctype_c.o)
    0x08000d18   0x08000d18   0x00000018   Code   RO         5528    .text               mf_w.l(dfltul.o)
    0x08000d30   0x08000d30   0x00000038   Code   RO         5530    .text               mf_w.l(d2f.o)
    0x08000d68   0x08000d68   0x0000006e   Code   RO         5532    .text               mf_w.l(fepilogue.o)
    0x08000dd6   0x08000dd6   0x00000004   Code   RO          370    i.BusFault_Handler  stm32h7xx_it.o
    0x08000dda   0x08000dda   0x00000002   PAD
    0x08000ddc   0x08000ddc   0x0000001c   Code   RO          813    i.CPU_CACHE_Enable  system.o
    0x08000df8   0x08000df8   0x00000034   Code   RO         1059    i.ComToUart         usart_fifo.o
    0x08000e2c   0x08000e2c   0x00000002   Code   RO          371    i.DebugMon_Handler  stm32h7xx_it.o
    0x08000e2e   0x08000e2e   0x00000002   PAD
    0x08000e30   0x08000e30   0x00000060   Code   RO          871    i.ESP8266_AT        wifi.o
    0x08000e90   0x08000e90   0x0000005c   Code   RO          873    i.ESP8266_AT_RST    wifi.o
    0x08000eec   0x08000eec   0x000000a8   Code   RO          875    i.ESP8266_ConnectAP  wifi.o
    0x08000f94   0x08000f94   0x00000054   Code   RO          879    i.ESP8266_EchoOff   wifi.o
    0x08000fe8   0x08000fe8   0x00000060   Code   RO          885    i.ESP8266_PowerOn   wifi.o
    0x08001048   0x08001048   0x0000002c   Code   RO          886    i.ESP8266_Reset     wifi.o
    0x08001074   0x08001074   0x00000028   Code   RO          888    i.ESP8266_SendAT    wifi.o
    0x0800109c   0x0800109c   0x00000074   Code   RO          896    i.ESP8266_WaitResponse  wifi.o
    0x08001110   0x08001110   0x0000024c   Code   RO         1906    i.HAL_GPIO_Init     stm32h7xx_hal_gpio.o
    0x0800135c   0x0800135c   0x00000010   Code   RO         1908    i.HAL_GPIO_ReadPin  stm32h7xx_hal_gpio.o
    0x0800136c   0x0800136c   0x0000000a   Code   RO         1910    i.HAL_GPIO_WritePin  stm32h7xx_hal_gpio.o
    0x08001376   0x08001376   0x00000002   PAD
    0x08001378   0x08001378   0x0000000c   Code   RO         1463    i.HAL_GetTick       stm32h7xx_hal.o
    0x08001384   0x08001384   0x00000018   Code   RO         1466    i.HAL_IncTick       stm32h7xx_hal.o
    0x0800139c   0x0800139c   0x0000001c   Code   RO         1467    i.HAL_Init          stm32h7xx_hal.o
    0x080013b8   0x080013b8   0x0000004c   Code   RO         1468    i.HAL_InitTick      stm32h7xx_hal.o
    0x08001404   0x08001404   0x0000005c   Code   RO         1756    i.HAL_MPU_ConfigRegion  stm32h7xx_hal_cortex.o
    0x08001460   0x08001460   0x0000002c   Code   RO         1757    i.HAL_MPU_Disable   stm32h7xx_hal_cortex.o
    0x0800148c   0x0800148c   0x00000040   Code   RO         1758    i.HAL_MPU_Enable    stm32h7xx_hal_cortex.o
    0x080014cc   0x080014cc   0x00000002   Code   RO         1470    i.HAL_MspInit       stm32h7xx_hal.o
    0x080014ce   0x080014ce   0x00000020   Code   RO         1761    i.HAL_NVIC_EnableIRQ  stm32h7xx_hal_cortex.o
    0x080014ee   0x080014ee   0x0000007a   Code   RO         1767    i.HAL_NVIC_SetPriority  stm32h7xx_hal_cortex.o
    0x08001568   0x08001568   0x00000028   Code   RO         1768    i.HAL_NVIC_SetPriorityGrouping  stm32h7xx_hal_cortex.o
    0x08001590   0x08001590   0x00000038   Code   RO         2081    i.HAL_RCCEx_GetD1SysClockFreq  stm32h7xx_hal_rcc_ex.o
    0x080015c8   0x080015c8   0x0000002c   Code   RO         2082    i.HAL_RCCEx_GetD3PCLK1Freq  stm32h7xx_hal_rcc_ex.o
    0x080015f4   0x080015f4   0x0000022c   Code   RO         2084    i.HAL_RCCEx_GetPLL2ClockFreq  stm32h7xx_hal_rcc_ex.o
    0x08001820   0x08001820   0x0000022c   Code   RO         2085    i.HAL_RCCEx_GetPLL3ClockFreq  stm32h7xx_hal_rcc_ex.o
    0x08001a4c   0x08001a4c   0x00000250   Code   RO         1972    i.HAL_RCC_ClockConfig  stm32h7xx_hal_rcc.o
    0x08001c9c   0x08001c9c   0x00000038   Code   RO         1976    i.HAL_RCC_GetHCLKFreq  stm32h7xx_hal_rcc.o
    0x08001cd4   0x08001cd4   0x0000002c   Code   RO         1978    i.HAL_RCC_GetPCLK1Freq  stm32h7xx_hal_rcc.o
    0x08001d00   0x08001d00   0x0000002c   Code   RO         1979    i.HAL_RCC_GetPCLK2Freq  stm32h7xx_hal_rcc.o
    0x08001d2c   0x08001d2c   0x00000244   Code   RO         1980    i.HAL_RCC_GetSysClockFreq  stm32h7xx_hal_rcc.o
    0x08001f70   0x08001f70   0x000006c4   Code   RO         1983    i.HAL_RCC_OscConfig  stm32h7xx_hal_rcc.o
    0x08002634   0x08002634   0x00000028   Code   RO         1770    i.HAL_SYSTICK_CLKSourceConfig  stm32h7xx_hal_cortex.o
    0x0800265c   0x0800265c   0x00000034   Code   RO         1772    i.HAL_SYSTICK_Config  stm32h7xx_hal_cortex.o
    0x08002690   0x08002690   0x00000002   Code   RO         4524    i.HAL_TIMEx_BreakCallback  stm32h7xx_hal_tim_ex.o
    0x08002692   0x08002692   0x00000002   Code   RO         4525    i.HAL_TIMEx_CommutationCallback  stm32h7xx_hal_tim_ex.o
    0x08002694   0x08002694   0x00000034   Code   RO         3869    i.HAL_TIM_Base_Init  stm32h7xx_hal_tim.o
    0x080026c8   0x080026c8   0x00000040   Code   RO         1329    i.HAL_TIM_Base_MspInit  timer.o
    0x08002708   0x08002708   0x0000001e   Code   RO         3874    i.HAL_TIM_Base_Start_IT  stm32h7xx_hal_tim.o
    0x08002726   0x08002726   0x00000038   Code   RO         3877    i.HAL_TIM_Base_Stop_IT  stm32h7xx_hal_tim.o
    0x0800275e   0x0800275e   0x00000002   Code   RO         3898    i.HAL_TIM_IC_CaptureCallback  stm32h7xx_hal_tim.o
    0x08002760   0x08002760   0x000001b8   Code   RO         3911    i.HAL_TIM_IRQHandler  stm32h7xx_hal_tim.o
    0x08002918   0x08002918   0x00000002   Code   RO         3914    i.HAL_TIM_OC_DelayElapsedCallback  stm32h7xx_hal_tim.o
    0x0800291a   0x0800291a   0x00000002   Code   RO         3941    i.HAL_TIM_PWM_PulseFinishedCallback  stm32h7xx_hal_tim.o
    0x0800291c   0x0800291c   0x0000001c   Code   RO         1330    i.HAL_TIM_PeriodElapsedCallback  timer.o
    0x08002938   0x08002938   0x00000002   Code   RO         3952    i.HAL_TIM_TriggerCallback  stm32h7xx_hal_tim.o
    0x0800293a   0x0800293a   0x00000078   Code   RO         2639    i.HAL_UART_Init     stm32h7xx_hal_uart.o
    0x080029b2   0x080029b2   0x00000002   PAD
    0x080029b4   0x080029b4   0x000002e0   Code   RO         1060    i.HAL_UART_MspInit  usart_fifo.o
    0x08002c94   0x08002c94   0x00000004   Code   RO          372    i.HardFault_Handler  stm32h7xx_it.o
    0x08002c98   0x08002c98   0x00000032   Code   RO          814    i.MPU_Memory_Protection  system.o
    0x08002cca   0x08002cca   0x0000005a   Code   RO          815    i.MPU_Set_Protection  system.o
    0x08002d24   0x08002d24   0x00000004   Code   RO          373    i.MemManage_Handler  stm32h7xx_it.o
    0x08002d28   0x08002d28   0x00000002   Code   RO          374    i.NMI_Handler       stm32h7xx_it.o
    0x08002d2a   0x08002d2a   0x00000002   Code   RO          375    i.PendSV_Handler    stm32h7xx_it.o
    0x08002d2c   0x08002d2c   0x0000009c   Code   RO          816    i.SCB_EnableDCache  system.o
    0x08002dc8   0x08002dc8   0x0000007c   Code   RO          817    i.SCB_EnableICache  system.o
    0x08002e44   0x08002e44   0x00000002   Code   RO          376    i.SVC_Handler       stm32h7xx_it.o
    0x08002e46   0x08002e46   0x00000002   PAD
    0x08002e48   0x08002e48   0x000000a8   Code   RO         1061    i.SetUartParam      usart_fifo.o
    0x08002ef0   0x08002ef0   0x00000008   Code   RO          377    i.SysTick_Handler   stm32h7xx_it.o
    0x08002ef8   0x08002ef8   0x00000014   Code   RO          525    i.SysTick_clkconfig  delay.o
    0x08002f0c   0x08002f0c   0x000000c4   Code   RO          818    i.SystemClock_Config  system.o
    0x08002fd0   0x08002fd0   0x00000094   Code   RO          455    i.SystemInit        system_stm32h7xx.o
    0x08003064   0x08003064   0x00000010   Code   RO         1331    i.TIM2_IRQHandler   timer.o
    0x08003074   0x08003074   0x00000024   Code   RO         1332    i.TIM2_Init         timer.o
    0x08003098   0x08003098   0x000000cc   Code   RO         3953    i.TIM_Base_SetConfig  stm32h7xx_hal_tim.o
    0x08003164   0x08003164   0x00000010   Code   RO         1062    i.UART4_IRQHandler  usart_fifo.o
    0x08003174   0x08003174   0x00000010   Code   RO         1063    i.UART5_IRQHandler  usart_fifo.o
    0x08003184   0x08003184   0x000000ea   Code   RO         2652    i.UART_AdvFeatureConfig  stm32h7xx_hal_uart.o
    0x0800326e   0x0800326e   0x00000074   Code   RO         2653    i.UART_CheckIdleState  stm32h7xx_hal_uart.o
    0x080032e2   0x080032e2   0x00000002   PAD
    0x080032e4   0x080032e4   0x000009a4   Code   RO         2668    i.UART_SetConfig    stm32h7xx_hal_uart.o
    0x08003c88   0x08003c88   0x0000006c   Code   RO         2670    i.UART_WaitOnFlagUntilTimeout  stm32h7xx_hal_uart.o
    0x08003cf4   0x08003cf4   0x00000010   Code   RO         1064    i.USART1_IRQHandler  usart_fifo.o
    0x08003d04   0x08003d04   0x00000010   Code   RO         1065    i.USART3_IRQHandler  usart_fifo.o
    0x08003d14   0x08003d14   0x0000004a   Code   RO         1066    i.UartGetChar       usart_fifo.o
    0x08003d5e   0x08003d5e   0x0000015a   Code   RO         1067    i.UartIRQ           usart_fifo.o
    0x08003eb8   0x08003eb8   0x00000092   Code   RO         1068    i.UartSend          usart_fifo.o
    0x08003f4a   0x08003f4a   0x00000004   Code   RO          378    i.UsageFault_Handler  stm32h7xx_it.o
    0x08003f4e   0x08003f4e   0x00000002   PAD
    0x08003f50   0x08003f50   0x0000005c   Code   RO          897    i.WIFI_GPIO_Init    wifi.o
    0x08003fac   0x08003fac   0x00000020   Code   RO         5387    i.__0printf         mc_w.l(printfa.o)
    0x08003fcc   0x08003fcc   0x00000028   Code   RO         5389    i.__0sprintf        mc_w.l(printfa.o)
    0x08003ff4   0x08003ff4   0x00000030   Code   RO         5507    i.__ARM_fpclassify  m_wv.l(fpclassify.o)
    0x08004024   0x08004024   0x00000010   Code   RO         1774    i.__NVIC_GetPriorityGrouping  stm32h7xx_hal_cortex.o
    0x08004034   0x08004034   0x00000028   Code   RO         1775    i.__NVIC_SetPriority  stm32h7xx_hal_cortex.o
    0x0800405c   0x0800405c   0x00000004   PAD
    0x08004060   0x08004060   0x00000200   Code   RO         5415    i.__hardfp_atan     m_wv.l(atan.o)
    0x08004260   0x08004260   0x000001c8   Code   RO         5083    i.__hardfp_atan2    m_wv.l(atan2.o)
    0x08004428   0x08004428   0x00000038   Code   RO         5095    i.__hardfp_atof     m_wv.l(atof.o)
    0x08004460   0x08004460   0x000000b0   Code   RO         5101    i.__hardfp_cos      m_wv.l(cos.o)
    0x08004510   0x08004510   0x000000b0   Code   RO         5113    i.__hardfp_sin      m_wv.l(sin.o)
    0x080045c0   0x080045c0   0x00000066   Code   RO         5125    i.__hardfp_sqrt     m_wv.l(sqrt.o)
    0x08004626   0x08004626   0x00000002   PAD
    0x08004628   0x08004628   0x00000310   Code   RO         5453    i.__ieee754_rem_pio2  m_wv.l(rred.o)
    0x08004938   0x08004938   0x000000e0   Code   RO         5429    i.__kernel_cos      m_wv.l(cos_i.o)
    0x08004a18   0x08004a18   0x00000070   Code   RO         5509    i.__kernel_poly     m_wv.l(poly.o)
    0x08004a88   0x08004a88   0x000000a8   Code   RO         5458    i.__kernel_sin      m_wv.l(sin_i.o)
    0x08004b30   0x08004b30   0x00000006   Code   RO         5433    i.__mathlib_dbl_infnan  m_wv.l(dunder.o)
    0x08004b36   0x08004b36   0x00000006   Code   RO         5434    i.__mathlib_dbl_infnan2  m_wv.l(dunder.o)
    0x08004b3c   0x08004b3c   0x00000004   PAD
    0x08004b40   0x08004b40   0x00000018   Code   RO         5435    i.__mathlib_dbl_invalid  m_wv.l(dunder.o)
    0x08004b58   0x08004b58   0x00000018   Code   RO         5438    i.__mathlib_dbl_underflow  m_wv.l(dunder.o)
    0x08004b70   0x08004b70   0x0000000c   Code   RO         5488    i.__read_errno      mc_w.l(errno.o)
    0x08004b7c   0x08004b7c   0x0000000e   Code   RO         5536    i.__scatterload_copy  mc_w.l(handlers.o)
    0x08004b8a   0x08004b8a   0x00000002   Code   RO         5537    i.__scatterload_null  mc_w.l(handlers.o)
    0x08004b8c   0x08004b8c   0x0000000e   Code   RO         5538    i.__scatterload_zeroinit  mc_w.l(handlers.o)
    0x08004b9a   0x08004b9a   0x00000006   Code   RO         1070    i.__set_PRIMASK     usart_fifo.o
    0x08004ba0   0x08004ba0   0x0000000c   Code   RO         5489    i.__set_errno       mc_w.l(errno.o)
    0x08004bac   0x08004bac   0x00000184   Code   RO         5394    i._fp_digits        mc_w.l(printfa.o)
    0x08004d30   0x08004d30   0x0000000e   Code   RO         5519    i._is_digit         mc_w.l(scanf_fp.o)
    0x08004d3e   0x08004d3e   0x00000002   PAD
    0x08004d40   0x08004d40   0x000006b4   Code   RO         5395    i._printf_core      mc_w.l(printfa.o)
    0x080053f4   0x080053f4   0x00000024   Code   RO         5396    i._printf_post_padding  mc_w.l(printfa.o)
    0x08005418   0x08005418   0x0000002e   Code   RO         5397    i._printf_pre_padding  mc_w.l(printfa.o)
    0x08005446   0x08005446   0x0000000a   Code   RO         5399    i._sputc            mc_w.l(printfa.o)
    0x08005450   0x08005450   0x00000010   Code   RO         5417    i.atan              m_wv.l(atan.o)
    0x08005460   0x08005460   0x000001bc   Code   RO            4    i.com4_function     main.o
    0x0800561c   0x0800561c   0x0000001e   Code   RO         1073    i.comGetChar        usart_fifo.o
    0x0800563a   0x0800563a   0x00000026   Code   RO         1074    i.comSendBuf        usart_fifo.o
    0x08005660   0x08005660   0x00000010   Code   RO         1075    i.comSendChar       usart_fifo.o
    0x08005670   0x08005670   0x00000028   Code   RO         1415    i.deg2rad           tpaway.o
    0x08005698   0x08005698   0x00000018   Code   RO          526    i.delay_ms          delay.o
    0x080056b0   0x080056b0   0x00000048   Code   RO          527    i.delay_us          delay.o
    0x080056f8   0x080056f8   0x00000018   Code   RO         5448    i.fabs              m_wv.l(fabs.o)
    0x08005710   0x08005710   0x00000070   Code   RO         1211    i.fand_content      huawei.o
    0x08005780   0x08005780   0x00000018   Code   RO         1078    i.fputc             usart_fifo.o
    0x08005798   0x08005798   0x0000005c   Code   RO         1374    i.gpio_init         hc_sr04.o
    0x080057f4   0x080057f4   0x00000128   Code   RO         1416    i.haversine         tpaway.o
    0x0800591c   0x0800591c   0x00000168   Code   RO         1375    i.hc_sr04           hc_sr04.o
    0x08005a84   0x08005a84   0x00000090   Code   RO         1376    i.hc_sr04_function  hc_sr04.o
    0x08005b14   0x08005b14   0x00000054   Code   RO         1212    i.huawei_CWMODE     huawei.o
    0x08005b68   0x08005b68   0x000000a0   Code   RO         1213    i.huawei_UpDestination  huawei.o
    0x08005c08   0x08005c08   0x0000009c   Code   RO         1215    i.huawei_UpNav_flag  huawei.o
    0x08005ca4   0x08005ca4   0x000000a0   Code   RO         1217    i.huawei_UpPosition  huawei.o
    0x08005d44   0x08005d44   0x0000009c   Code   RO         1218    i.huawei_Up_next_position  huawei.o
    0x08005de0   0x08005de0   0x0000007c   Code   RO         1219    i.huawei_address    huawei.o
    0x08005e5c   0x08005e5c   0x000000b4   Code   RO         1220    i.huawei_clientid   huawei.o
    0x08005f10   0x08005f10   0x00000030   Code   RO         1221    i.huawei_init       huawei.o
    0x08005f40   0x08005f40   0x000000cc   Code   RO         1222    i.huawei_login      huawei.o
    0x0800600c   0x0800600c   0x0000008c   Code   RO         1223    i.huawei_repose     huawei.o
    0x08006098   0x08006098   0x000000f4   Code   RO         1224    i.huawei_token      huawei.o
    0x0800618c   0x0800618c   0x000007d0   Code   RO            5    i.main              main.o
    0x0800695c   0x0800695c   0x00000114   Code   RO         1079    i.uart_init         usart_fifo.o
    0x08006a70   0x08006a70   0x00000030   Code   RO         1225    i.uint8_to_hex      huawei.o
    0x08006aa0   0x08006aa0   0x00000040   Data   RO          456    .constdata          system_stm32h7xx.o
    0x08006ae0   0x08006ae0   0x00000030   Data   RO         2671    .constdata          stm32h7xx_hal_uart.o
    0x08006b10   0x08006b10   0x00000098   Data   RO         5418    .constdata          m_wv.l(atan.o)
    0x08006ba8   0x08006ba8   0x00000030   Data   RO         5430    .constdata          m_wv.l(cos_i.o)
    0x08006bd8   0x08006bd8   0x00000008   Data   RO         5452    .constdata          m_wv.l(qnan.o)
    0x08006be0   0x08006be0   0x000000c8   Data   RO         5455    .constdata          m_wv.l(rred.o)
    0x08006ca8   0x08006ca8   0x00000028   Data   RO         5459    .constdata          m_wv.l(sin_i.o)
    0x08006cd0   0x08006cd0   0x00000040   Data   RO         5526    .constdata          mc_w.l(ctype_c.o)
    0x08006d10   0x08006d10   0x0000031d   Data   RO         1228    .conststring        huawei.o
    0x0800702d   0x0800702d   0x00000003   PAD
    0x08007030   0x08007030   0x00000020   Data   RO         5534    Region$$Table       anon$$obj.o


    Execution Region RW_IRAM1 (Exec base: 0x20000000, Load base: 0x08007050, Size: 0x00000000, Max: 0x00020000, ABSOLUTE)

    **** No section assigned to this execution region ****


    Execution Region RW_IRAM2 (Exec base: 0x24000000, Load base: 0x08007050, Size: 0x00009be0, Max: 0x00080000, ABSOLUTE)

    Exec Addr    Load Addr    Size         Type   Attr      Idx    E Section Name        Object

    0x24000000   0x08007050   0x00000040   Data   RW            8    .data               main.o
    0x24000040   0x08007090   0x00000008   Data   RW          457    .data               system_stm32h7xx.o
    0x24000048   0x08007098   0x00000004   Data   RW          529    .data               delay.o
    0x2400004c   0x0800709c   0x00000010   Data   RW         1229    .data               huawei.o
    0x2400005c   0x080070ac   0x00000008   Data   RW         1379    .data               hc_sr04.o
    0x24000064   0x080070b4   0x00000009   Data   RW         1490    .data               stm32h7xx_hal.o
    0x2400006d   0x080070bd   0x00000003   PAD
    0x24000070   0x080070c0   0x00000004   Data   RW         5480    .data               mc_w.l(stdout.o)
    0x24000074   0x080070c4   0x00000004   Data   RW         5490    .data               mc_w.l(errno.o)
    0x24000078        -       0x000022a8   Zero   RW            6    .bss                main.o
    0x24002320        -       0x00002280   Zero   RW         1080    .bss                usart_fifo.o
    0x240045a0        -       0x00003180   Zero   RW         1226    .bss                huawei.o
    0x24007720        -       0x000020c0   Zero   RW         1377    .bss                hc_sr04.o
    0x240097e0        -       0x00000400   Zero   RW         5076    STACK               startup_stm32h750xx.o


==============================================================================

Image component sizes


      Code (inc. data)   RO Data    RW Data    ZI Data      Debug   Object Name

       116          8          0          4          0       1922   delay.o
       596         64          0          8       8384       2851   hc_sr04.o
      1816       1060        797         16      12672       8807   huawei.o
      2444        820          0         64       8872    1232576   main.o
        36          8        664          0       1024        836   startup_stm32h750xx.o
       142         26          0          9          0       3676   stm32h7xx_hal.o
       542         38          0          0          0      41251   stm32h7xx_hal_cortex.o
       614         54          0          0          0       3007   stm32h7xx_hal_gpio.o
      3048         86          0          0          0       5720   stm32h7xx_hal_rcc.o
      1212         70          0          0          0       3347   stm32h7xx_hal_rcc_ex.o
       790         32          0          0          0       6066   stm32h7xx_hal_tim.o
         4          0          0          0          0       1610   stm32h7xx_hal_tim_ex.o
      3046        130         48          0          0       5509   stm32h7xx_hal_uart.o
        32          0          0          0          0       5474   stm32h7xx_it.o
       644         24          0          0          0      38408   system.o
       148         18         64          8          0       1278   system_stm32h7xx.o
       144         26          0          0          0       2437   timer.o
       336         26          0          0          0       1406   tpaway.o
      1976        178          0          0       8832      15944   usart_fifo.o
       828        260          0          0          0       5575   wifi.o

    ----------------------------------------------------------------------
     18532       2932       1608        112      39784    1387700   Object Totals
         0          0         32          0          0          0   (incl. Generated)
        18          4          3          3          0          0   (incl. Padding)

    ----------------------------------------------------------------------

      Code (inc. data)   RO Data    RW Data    ZI Data      Debug   Library Member Name

       528        110        152          0          0        348   atan.o
       456         64          0          0          0        188   atan2.o
        56         12          0          0          0        132   atof.o
       176         18          0          0          0        156   cos.o
       224         42         48          0          0        184   cos_i.o
        60         28          0          0          0        464   dunder.o
        24          0          0          0          0        124   fabs.o
        48          0          0          0          0        124   fpclassify.o
       112          0          0          0          0        116   poly.o
         0          0          8          0          0          0   qnan.o
       784        138        200          0          0        172   rred.o
       176         18          0          0          0        160   sin.o
       168         24         40          0          0        196   sin_i.o
       102          0          0          0          0        140   sqrt.o
        64          0          0          0          0         84   _sgetc.o
        40          6         64          0          0         68   ctype_c.o
         0          0          0          0          0          0   entry.o
         0          0          0          0          0          0   entry10a.o
         0          0          0          0          0          0   entry11a.o
         4          0          0          0          0          0   entry12b.o
         8          4          0          0          0          0   entry2.o
         4          0          0          0          0          0   entry5.o
         0          0          0          0          0          0   entry7b.o
         0          0          0          0          0          0   entry8b.o
         8          4          0          0          0          0   entry9a.o
        24         12          0          4          0        136   errno.o
        30          0          0          0          0          0   handlers.o
        36          8          0          0          0         68   init.o
        10          0          0          0          0         68   isspace_c.o
         0          0          0          0          0          0   iusefp.o
        30          0          0          0          0         68   llshl.o
        36          0          0          0          0         68   llsshr.o
        32          0          0          0          0         68   llushr.o
        36          0          0          0          0         68   memcpya.o
        36          0          0          0          0        108   memseta.o
      2268         96          0          0          0        616   printfa.o
       878         12          0          0          0        216   scanf_fp.o
         0          0          0          4          0          0   stdout.o
        24          0          0          0          0         68   strcat.o
        14          0          0          0          0         68   strlen.o
        36          0          0          0          0         80   strstr.o
       156         12          0          0          0        120   strtod.o
        44          0          0          0          0         80   uidiv.o
        98          0          0          0          0         92   uldiv.o
        48          0          0          0          0         68   cdrcmple.o
        56          0          0          0          0         88   d2f.o
       334          0          0          0          0        148   dadd.o
       222          0          0          0          0        100   ddiv.o
       186          0          0          0          0        176   depilogue.o
        48          0          0          0          0         68   dfixul.o
        24          0          0          0          0         76   dfltul.o
       228          0          0          0          0         96   dmul.o
       110          0          0          0          0        168   fepilogue.o

    ----------------------------------------------------------------------
      8100        608        512          8          0       5636   Library Totals
        14          0          0          0          0          0   (incl. Padding)

    ----------------------------------------------------------------------

      Code (inc. data)   RO Data    RW Data    ZI Data      Debug   Library Name

      2914        454        448          0          0       2504   m_wv.l
      3916        154         64          8          0       2144   mc_w.l
      1256          0          0          0          0        988   mf_w.l

    ----------------------------------------------------------------------
      8100        608        512          8          0       5636   Library Totals

    ----------------------------------------------------------------------

==============================================================================


      Code (inc. data)   RO Data    RW Data    ZI Data      Debug   

     26632       3540       2120        120      39784    1379728   Grand Totals
     26632       3540       2120        120      39784    1379728   ELF Image Totals
     26632       3540       2120        120          0          0   ROM Totals

==============================================================================

    Total RO  Size (Code + RO Data)                28752 (  28.08kB)
    Total RW  Size (RW Data + ZI Data)             39904 (  38.97kB)
    Total ROM Size (Code + RO Data + RW Data)      28872 (  28.20kB)

==============================================================================

