<html>
<body>
<pre>
<h1>µVision Build Log</h1>
<h2>Tool Versions:</h2>
IDE-Version: ¦ÌVision V5.34.0.0
Copyright (C) 2021 ARM Ltd and ARM Germany GmbH. All rights reserved.
License Information: 0 0, 0, LIC=9WSKC-7696S-QDMKD-8Z1A6-MH3EM-4Y89F
 
Tool Versions:
Toolchain:       MDK-ARM Plus  Version: 5.34.0.0
Toolchain Path:  D:\keil\ARM\ARMCC\Bin
C Compiler:      Armcc.exe V5.06 update 7 (build 960)
Assembler:       Armasm.exe V5.06 update 7 (build 960)
Linker/Locator:  ArmLink.exe V5.06 update 7 (build 960)
Library Manager: ArmAr.exe V5.06 update 7 (build 960)
Hex Converter:   FromElf.exe V5.06 update 7 (build 960)
CPU DLL:         SARMCM3.DLL V5.34.0.0
Dialog DLL:      DCM.DLL V1.17.3.0
Target DLL:      STLink\ST-LINKIII-KEIL_SWO.dll V3.0.8.0
Dialog DLL:      TCM.DLL V1.48.0.0
 
<h2>Project:</h2>
E:\Desktop\Dmz\dmz_mqtt\Project\WIFI.uvprojx
Project File Date:  07/04/2023

<h2>Output:</h2>
*** Using Compiler 'V5.06 update 7 (build 960)', folder: 'D:\keil\ARM\ARMCC\Bin'
Rebuild target 'WIFI'
compiling TPaway.c...
compiling stm32h7xx_it.c...
compiling system.c...
compiling hc_sr04.c...
compiling system_stm32h7xx.c...
compiling timer.c...
compiling huawei.c...
compiling stm32h7xx_hal_cortex.c...
compiling delay.c...
compiling stm32h7xx_hal_gpio.c...
compiling stm32h7xx_hal.c...
compiling led.c...
compiling lcd.c...
compiling usart_fifo.c...
compiling main.c...
compiling wifi.c...
compiling key.c...
compiling stm32h7xx_hal_pwr.c...
assembling startup_stm32h750xx.s...
compiling stm32h7xx_hal_pwr_ex.c...
compiling stm32h7xx_hal_rcc.c...
compiling stm32h7xx_hal_sram.c...
compiling stm32h7xx_hal_uart_ex.c...
compiling stm32h7xx_hal_mdma.c...
compiling stm32h7xx_hal_uart.c...
compiling stm32h7xx_hal_usart.c...
compiling stm32h7xx_hal_dma_ex.c...
compiling stm32h7xx_hal_flash.c...
compiling stm32h7xx_ll_fmc.c...
compiling stm32h7xx_hal_flash_ex.c...
compiling stm32h7xx_hal_tim.c...
compiling stm32h7xx_hal_tim_ex.c...
compiling stm32h7xx_hal_rcc_ex.c...
compiling stm32h7xx_hal_dma.c...
linking...
Program Size: Code=26632 RO-data=2120 RW-data=120 ZI-data=39784  
FromELF: creating hex file...
".\Objects\WIFI.axf" - 0 Error(s), 0 Warning(s).

<h2>Software Packages used:</h2>

Package Vendor: Keil
                https://www.keil.com/pack/Keil.STM32H7xx_DFP.3.1.0.pack
                Keil.STM32H7xx_DFP.3.1.0
                STMicroelectronics STM32H7 Series Device Support and Examples

<h2>Collection of Component include folders:</h2>
  D:\keil\Keil\STM32H7xx_DFP\3.1.0\Drivers\CMSIS\Device\ST\STM32H7xx\Include

<h2>Collection of Component Files used:</h2>
Build Time Elapsed:  00:02:06
</pre>
</body>
</html>
